[I 2026-03-14 10:36:29,720] A new study created in RDB with name: mil_5fold_sobol10_tpe64

  0%|          | 0/64 [00:00<?, ?it/s]
                                      

  0%|          | 0/64 [2:06:48<?, ?it/s]
Best trial: 0. Best value: 0.274678:   0%|          | 0/64 [2:06:48<?, ?it/s]
Best trial: 0. Best value: 0.274678:   2%|▏         | 1/64 [2:06:48<133:08:29, 7608.08s/it]
                                                                                           

Best trial: 0. Best value: 0.274678:   2%|▏         | 1/64 [4:10:57<133:08:29, 7608.08s/it]
Best trial: 0. Best value: 0.274678:   2%|▏         | 1/64 [4:10:57<133:08:29, 7608.08s/it]
Best trial: 0. Best value: 0.274678:   3%|▎         | 2/64 [4:10:57<129:25:01, 7514.53s/it]
                                                                                           

Best trial: 0. Best value: 0.274678:   3%|▎         | 2/64 [6:13:33<129:25:01, 7514.53s/it]
Best trial: 2. Best value: 0.274041:   3%|▎         | 2/64 [6:13:33<129:25:01, 7514.53s/it]
Best trial: 2. Best value: 0.274041:   5%|▍         | 3/64 [6:13:33<126:06:29, 7442.45s/it]
                                                                                           

Best trial: 2. Best value: 0.274041:   5%|▍         | 3/64 [8:12:37<126:06:29, 7442.45s/it]
Best trial: 2. Best value: 0.274041:   5%|▍         | 3/64 [8:12:37<126:06:29, 7442.45s/it]
Best trial: 2. Best value: 0.274041:   6%|▋         | 4/64 [8:12:37<122:04:31, 7324.52s/it]
                                                                                           

Best trial: 2. Best value: 0.274041:   6%|▋         | 4/64 [10:22:25<122:04:31, 7324.52s/it]
Best trial: 4. Best value: 0.257468:   6%|▋         | 4/64 [10:22:25<122:04:31, 7324.52s/it]
Best trial: 4. Best value: 0.257468:   8%|▊         | 5/64 [10:22:25<122:46:53, 7491.75s/it]
                                                                                            

Best trial: 4. Best value: 0.257468:   8%|▊         | 5/64 [12:48:24<122:46:53, 7491.75s/it]
Best trial: 4. Best value: 0.257468:   8%|▊         | 5/64 [12:48:24<122:46:53, 7491.75s/it]
Best trial: 4. Best value: 0.257468:   9%|▉         | 6/64 [12:48:24<127:38:20, 7922.42s/it]
                                                                                            

Best trial: 4. Best value: 0.257468:   9%|▉         | 6/64 [13:32:45<127:38:20, 7922.42s/it]
Best trial: 4. Best value: 0.257468:   9%|▉         | 6/64 [13:32:45<127:38:20, 7922.42s/it]
Best trial: 4. Best value: 0.257468:  11%|█         | 7/64 [13:32:45<98:12:15, 6202.37s/it] 
                                                                                           

Best trial: 4. Best value: 0.257468:  11%|█         | 7/64 [14:17:17<98:12:15, 6202.37s/it]
Best trial: 4. Best value: 0.257468:  11%|█         | 7/64 [14:17:17<98:12:15, 6202.37s/it]
Best trial: 4. Best value: 0.257468:  12%|█▎        | 8/64 [14:17:17<79:00:05, 5078.67s/it]
                                                                                           

Best trial: 4. Best value: 0.257468:  12%|█▎        | 8/64 [15:00:52<79:00:05, 5078.67s/it]
Best trial: 4. Best value: 0.257468:  12%|█▎        | 8/64 [15:00:52<79:00:05, 5078.67s/it]
Best trial: 4. Best value: 0.257468:  14%|█▍        | 9/64 [15:00:52<65:49:13, 4308.24s/it]
                                                                                           

Best trial: 4. Best value: 0.257468:  14%|█▍        | 9/64 [17:44:08<65:49:13, 4308.24s/it]
Best trial: 4. Best value: 0.257468:  14%|█▍        | 9/64 [17:44:08<65:49:13, 4308.24s/it]
Best trial: 4. Best value: 0.257468:  16%|█▌        | 10/64 [17:44:08<90:02:23, 6002.65s/it]
                                                                                            

Best trial: 4. Best value: 0.257468:  16%|█▌        | 10/64 [18:18:45<90:02:23, 6002.65s/it]
Best trial: 4. Best value: 0.257468:  16%|█▌        | 10/64 [18:18:45<90:02:23, 6002.65s/it]
Best trial: 4. Best value: 0.257468:  17%|█▋        | 11/64 [18:18:45<70:41:04, 4801.21s/it]
                                                                                            

Best trial: 4. Best value: 0.257468:  17%|█▋        | 11/64 [18:53:01<70:41:04, 4801.21s/it]
Best trial: 4. Best value: 0.257468:  17%|█▋        | 11/64 [18:53:01<70:41:04, 4801.21s/it]
Best trial: 4. Best value: 0.257468:  19%|█▉        | 12/64 [18:53:01<57:17:13, 3966.02s/it]
                                                                                            

Best trial: 4. Best value: 0.257468:  19%|█▉        | 12/64 [19:27:47<57:17:13, 3966.02s/it]
Best trial: 4. Best value: 0.257468:  19%|█▉        | 12/64 [19:27:47<57:17:13, 3966.02s/it]
Best trial: 4. Best value: 0.257468:  20%|██        | 13/64 [19:27:47<48:06:57, 3396.43s/it]
                                                                                            

Best trial: 4. Best value: 0.257468:  20%|██        | 13/64 [21:54:29<48:06:57, 3396.43s/it]
Best trial: 4. Best value: 0.257468:  20%|██        | 13/64 [21:54:29<48:06:57, 3396.43s/it]
Best trial: 4. Best value: 0.257468:  22%|██▏       | 14/64 [21:54:29<69:50:57, 5029.14s/it]
                                                                                            

Best trial: 4. Best value: 0.257468:  22%|██▏       | 14/64 [24:21:21<69:50:57, 5029.14s/it]
Best trial: 4. Best value: 0.257468:  22%|██▏       | 14/64 [24:21:21<69:50:57, 5029.14s/it]
Best trial: 4. Best value: 0.257468:  23%|██▎       | 15/64 [24:21:21<83:58:21, 6169.43s/it]
                                                                                            

Best trial: 4. Best value: 0.257468:  23%|██▎       | 15/64 [26:41:48<83:58:21, 6169.43s/it]
Best trial: 4. Best value: 0.257468:  23%|██▎       | 15/64 [26:41:48<83:58:21, 6169.43s/it]
Best trial: 4. Best value: 0.257468:  25%|██▌       | 16/64 [26:41:48<91:19:07, 6848.90s/it]
                                                                                            

Best trial: 4. Best value: 0.257468:  25%|██▌       | 16/64 [27:16:04<91:19:07, 6848.90s/it]
Best trial: 4. Best value: 0.257468:  25%|██▌       | 16/64 [27:16:04<91:19:07, 6848.90s/it]
Best trial: 4. Best value: 0.257468:  27%|██▋       | 17/64 [27:16:04<70:36:09, 5407.85s/it]
                                                                                            

Best trial: 4. Best value: 0.257468:  27%|██▋       | 17/64 [29:41:56<70:36:09, 5407.85s/it]
Best trial: 4. Best value: 0.257468:  27%|██▋       | 17/64 [29:41:56<70:36:09, 5407.85s/it]
Best trial: 4. Best value: 0.257468:  28%|██▊       | 18/64 [29:41:56<81:56:23, 6412.68s/it]
                                                                                            

Best trial: 4. Best value: 0.257468:  28%|██▊       | 18/64 [30:16:26<81:56:23, 6412.68s/it]
Best trial: 4. Best value: 0.257468:  28%|██▊       | 18/64 [30:16:26<81:56:23, 6412.68s/it]
Best trial: 4. Best value: 0.257468:  30%|██▉       | 19/64 [30:16:26<63:51:21, 5108.47s/it]
                                                                                            

Best trial: 4. Best value: 0.257468:  30%|██▉       | 19/64 [32:45:18<63:51:21, 5108.47s/it]
Best trial: 4. Best value: 0.257468:  30%|██▉       | 19/64 [32:45:18<63:51:21, 5108.47s/it]
Best trial: 4. Best value: 0.257468:  31%|███▏      | 20/64 [32:45:18<76:28:03, 6256.43s/it]                                                                                            Best trial: 4. Best value: 0.257468:  31%|███▏      | 20/64 [35:14:49<76:28:03, 6256.43s/it]Best trial: 4. Best value: 0.257468:  31%|███▏      | 20/64 [35:14:49<76:28:03, 6256.43s/it]Best trial: 4. Best value: 0.257468:  33%|███▎      | 21/64 [35:14:49<84:27:45, 7071.29s/it]slurmstepd: error: *** JOB 2808461 ON qnode3089 CANCELLED AT 2026-03-15T21:57:09 ***
