Job ID: 2808461
Start time: Sat Mar 14 10:35:55 CDT 2026
Host: qnode3089
Requirement already satisfied: torch>=1.9.0 in /projects/e32998/env/lib/python3.12/site-packages (from -r /home/bdp1083/Presentation_4_code_Ben/Updated_OPTUNA/requirements.txt (line 2)) (2.9.0)
Requirement already satisfied: torchvision>=0.10.0 in /projects/e32998/env/lib/python3.12/site-packages (from -r /home/bdp1083/Presentation_4_code_Ben/Updated_OPTUNA/requirements.txt (line 3)) (0.24.0)
Requirement already satisfied: numpy>=1.21.0 in /projects/e32998/env/lib/python3.12/site-packages (from -r /home/bdp1083/Presentation_4_code_Ben/Updated_OPTUNA/requirements.txt (line 4)) (2.3.4)
Requirement already satisfied: pandas>=1.3.0 in /projects/e32998/env/lib/python3.12/site-packages (from -r /home/bdp1083/Presentation_4_code_Ben/Updated_OPTUNA/requirements.txt (line 5)) (2.3.3)
Requirement already satisfied: scikit-learn>=1.0.0 in /projects/e32998/env/lib/python3.12/site-packages (from -r /home/bdp1083/Presentation_4_code_Ben/Updated_OPTUNA/requirements.txt (line 6)) (1.8.0)
Requirement already satisfied: Pillow>=8.3.0 in /projects/e32998/env/lib/python3.12/site-packages (from -r /home/bdp1083/Presentation_4_code_Ben/Updated_OPTUNA/requirements.txt (line 7)) (12.0.0)
Requirement already satisfied: tqdm>=4.62.0 in /projects/e32998/env/lib/python3.12/site-packages (from -r /home/bdp1083/Presentation_4_code_Ben/Updated_OPTUNA/requirements.txt (line 8)) (4.67.1)
Requirement already satisfied: matplotlib>=3.5.0 in /projects/e32998/env/lib/python3.12/site-packages (from -r /home/bdp1083/Presentation_4_code_Ben/Updated_OPTUNA/requirements.txt (line 11)) (3.10.7)
Requirement already satisfied: seaborn>=0.11.0 in /projects/e32998/env/lib/python3.12/site-packages (from -r /home/bdp1083/Presentation_4_code_Ben/Updated_OPTUNA/requirements.txt (line 12)) (0.13.2)
Requirement already satisfied: optuna>=3.0.0 in /projects/e32998/env/lib/python3.12/site-packages (from -r /home/bdp1083/Presentation_4_code_Ben/Updated_OPTUNA/requirements.txt (line 15)) (4.7.0)
Requirement already satisfied: psutil>=5.8.0 in /projects/e32998/env/lib/python3.12/site-packages (from -r /home/bdp1083/Presentation_4_code_Ben/Updated_OPTUNA/requirements.txt (line 18)) (7.1.2)
Requirement already satisfied: imbalanced-learn>=0.8.0 in /projects/e32998/env/lib/python3.12/site-packages (from -r /home/bdp1083/Presentation_4_code_Ben/Updated_OPTUNA/requirements.txt (line 21)) (0.14.0)
Requirement already satisfied: filelock in /projects/e32998/env/lib/python3.12/site-packages (from torch>=1.9.0->-r /home/bdp1083/Presentation_4_code_Ben/Updated_OPTUNA/requirements.txt (line 2)) (3.20.0)
Requirement already satisfied: typing-extensions>=4.10.0 in /projects/e32998/env/lib/python3.12/site-packages (from torch>=1.9.0->-r /home/bdp1083/Presentation_4_code_Ben/Updated_OPTUNA/requirements.txt (line 2)) (4.15.0)
Requirement already satisfied: setuptools in /projects/e32998/env/lib/python3.12/site-packages (from torch>=1.9.0->-r /home/bdp1083/Presentation_4_code_Ben/Updated_OPTUNA/requirements.txt (line 2)) (80.9.0)
Requirement already satisfied: sympy>=1.13.3 in /projects/e32998/env/lib/python3.12/site-packages (from torch>=1.9.0->-r /home/bdp1083/Presentation_4_code_Ben/Updated_OPTUNA/requirements.txt (line 2)) (1.14.0)
Requirement already satisfied: networkx>=2.5.1 in /projects/e32998/env/lib/python3.12/site-packages (from torch>=1.9.0->-r /home/bdp1083/Presentation_4_code_Ben/Updated_OPTUNA/requirements.txt (line 2)) (3.5)
Requirement already satisfied: jinja2 in /projects/e32998/env/lib/python3.12/site-packages (from torch>=1.9.0->-r /home/bdp1083/Presentation_4_code_Ben/Updated_OPTUNA/requirements.txt (line 2)) (3.1.6)
Requirement already satisfied: fsspec>=0.8.5 in /projects/e32998/env/lib/python3.12/site-packages (from torch>=1.9.0->-r /home/bdp1083/Presentation_4_code_Ben/Updated_OPTUNA/requirements.txt (line 2)) (2025.9.0)
Requirement already satisfied: nvidia-cuda-nvrtc-cu12==12.8.93 in /projects/e32998/env/lib/python3.12/site-packages (from torch>=1.9.0->-r /home/bdp1083/Presentation_4_code_Ben/Updated_OPTUNA/requirements.txt (line 2)) (12.8.93)
Requirement already satisfied: nvidia-cuda-runtime-cu12==12.8.90 in /projects/e32998/env/lib/python3.12/site-packages (from torch>=1.9.0->-r /home/bdp1083/Presentation_4_code_Ben/Updated_OPTUNA/requirements.txt (line 2)) (12.8.90)
Requirement already satisfied: nvidia-cuda-cupti-cu12==12.8.90 in /projects/e32998/env/lib/python3.12/site-packages (from torch>=1.9.0->-r /home/bdp1083/Presentation_4_code_Ben/Updated_OPTUNA/requirements.txt (line 2)) (12.8.90)
Requirement already satisfied: nvidia-cudnn-cu12==9.10.2.21 in /projects/e32998/env/lib/python3.12/site-packages (from torch>=1.9.0->-r /home/bdp1083/Presentation_4_code_Ben/Updated_OPTUNA/requirements.txt (line 2)) (9.10.2.21)
Requirement already satisfied: nvidia-cublas-cu12==12.8.4.1 in /projects/e32998/env/lib/python3.12/site-packages (from torch>=1.9.0->-r /home/bdp1083/Presentation_4_code_Ben/Updated_OPTUNA/requirements.txt (line 2)) (12.8.4.1)
Requirement already satisfied: nvidia-cufft-cu12==11.3.3.83 in /projects/e32998/env/lib/python3.12/site-packages (from torch>=1.9.0->-r /home/bdp1083/Presentation_4_code_Ben/Updated_OPTUNA/requirements.txt (line 2)) (11.3.3.83)
Requirement already satisfied: nvidia-curand-cu12==10.3.9.90 in /projects/e32998/env/lib/python3.12/site-packages (from torch>=1.9.0->-r /home/bdp1083/Presentation_4_code_Ben/Updated_OPTUNA/requirements.txt (line 2)) (10.3.9.90)
Requirement already satisfied: nvidia-cusolver-cu12==11.7.3.90 in /projects/e32998/env/lib/python3.12/site-packages (from torch>=1.9.0->-r /home/bdp1083/Presentation_4_code_Ben/Updated_OPTUNA/requirements.txt (line 2)) (11.7.3.90)
Requirement already satisfied: nvidia-cusparse-cu12==12.5.8.93 in /projects/e32998/env/lib/python3.12/site-packages (from torch>=1.9.0->-r /home/bdp1083/Presentation_4_code_Ben/Updated_OPTUNA/requirements.txt (line 2)) (12.5.8.93)
Requirement already satisfied: nvidia-cusparselt-cu12==0.7.1 in /projects/e32998/env/lib/python3.12/site-packages (from torch>=1.9.0->-r /home/bdp1083/Presentation_4_code_Ben/Updated_OPTUNA/requirements.txt (line 2)) (0.7.1)
Requirement already satisfied: nvidia-nccl-cu12==2.27.5 in /projects/e32998/env/lib/python3.12/site-packages (from torch>=1.9.0->-r /home/bdp1083/Presentation_4_code_Ben/Updated_OPTUNA/requirements.txt (line 2)) (2.27.5)
Requirement already satisfied: nvidia-nvshmem-cu12==3.3.20 in /projects/e32998/env/lib/python3.12/site-packages (from torch>=1.9.0->-r /home/bdp1083/Presentation_4_code_Ben/Updated_OPTUNA/requirements.txt (line 2)) (3.3.20)
Requirement already satisfied: nvidia-nvtx-cu12==12.8.90 in /projects/e32998/env/lib/python3.12/site-packages (from torch>=1.9.0->-r /home/bdp1083/Presentation_4_code_Ben/Updated_OPTUNA/requirements.txt (line 2)) (12.8.90)
Requirement already satisfied: nvidia-nvjitlink-cu12==12.8.93 in /projects/e32998/env/lib/python3.12/site-packages (from torch>=1.9.0->-r /home/bdp1083/Presentation_4_code_Ben/Updated_OPTUNA/requirements.txt (line 2)) (12.8.93)
Requirement already satisfied: nvidia-cufile-cu12==1.13.1.3 in /projects/e32998/env/lib/python3.12/site-packages (from torch>=1.9.0->-r /home/bdp1083/Presentation_4_code_Ben/Updated_OPTUNA/requirements.txt (line 2)) (1.13.1.3)
Requirement already satisfied: triton==3.5.0 in /projects/e32998/env/lib/python3.12/site-packages (from torch>=1.9.0->-r /home/bdp1083/Presentation_4_code_Ben/Updated_OPTUNA/requirements.txt (line 2)) (3.5.0)
Requirement already satisfied: python-dateutil>=2.8.2 in /projects/e32998/env/lib/python3.12/site-packages (from pandas>=1.3.0->-r /home/bdp1083/Presentation_4_code_Ben/Updated_OPTUNA/requirements.txt (line 5)) (2.9.0.post0)
Requirement already satisfied: pytz>=2020.1 in /projects/e32998/env/lib/python3.12/site-packages (from pandas>=1.3.0->-r /home/bdp1083/Presentation_4_code_Ben/Updated_OPTUNA/requirements.txt (line 5)) (2025.2)
Requirement already satisfied: tzdata>=2022.7 in /projects/e32998/env/lib/python3.12/site-packages (from pandas>=1.3.0->-r /home/bdp1083/Presentation_4_code_Ben/Updated_OPTUNA/requirements.txt (line 5)) (2025.2)
Requirement already satisfied: scipy>=1.10.0 in /projects/e32998/env/lib/python3.12/site-packages (from scikit-learn>=1.0.0->-r /home/bdp1083/Presentation_4_code_Ben/Updated_OPTUNA/requirements.txt (line 6)) (1.16.3)
Requirement already satisfied: joblib>=1.3.0 in /projects/e32998/env/lib/python3.12/site-packages (from scikit-learn>=1.0.0->-r /home/bdp1083/Presentation_4_code_Ben/Updated_OPTUNA/requirements.txt (line 6)) (1.5.2)
Requirement already satisfied: threadpoolctl>=3.2.0 in /projects/e32998/env/lib/python3.12/site-packages (from scikit-learn>=1.0.0->-r /home/bdp1083/Presentation_4_code_Ben/Updated_OPTUNA/requirements.txt (line 6)) (3.6.0)
Requirement already satisfied: contourpy>=1.0.1 in /projects/e32998/env/lib/python3.12/site-packages (from matplotlib>=3.5.0->-r /home/bdp1083/Presentation_4_code_Ben/Updated_OPTUNA/requirements.txt (line 11)) (1.3.3)
Requirement already satisfied: cycler>=0.10 in /projects/e32998/env/lib/python3.12/site-packages (from matplotlib>=3.5.0->-r /home/bdp1083/Presentation_4_code_Ben/Updated_OPTUNA/requirements.txt (line 11)) (0.12.1)
Requirement already satisfied: fonttools>=4.22.0 in /projects/e32998/env/lib/python3.12/site-packages (from matplotlib>=3.5.0->-r /home/bdp1083/Presentation_4_code_Ben/Updated_OPTUNA/requirements.txt (line 11)) (4.60.1)
Requirement already satisfied: kiwisolver>=1.3.1 in /projects/e32998/env/lib/python3.12/site-packages (from matplotlib>=3.5.0->-r /home/bdp1083/Presentation_4_code_Ben/Updated_OPTUNA/requirements.txt (line 11)) (1.4.9)
Requirement already satisfied: packaging>=20.0 in /projects/e32998/env/lib/python3.12/site-packages (from matplotlib>=3.5.0->-r /home/bdp1083/Presentation_4_code_Ben/Updated_OPTUNA/requirements.txt (line 11)) (25.0)
Requirement already satisfied: pyparsing>=3 in /projects/e32998/env/lib/python3.12/site-packages (from matplotlib>=3.5.0->-r /home/bdp1083/Presentation_4_code_Ben/Updated_OPTUNA/requirements.txt (line 11)) (3.2.5)
Requirement already satisfied: alembic>=1.5.0 in /projects/e32998/env/lib/python3.12/site-packages (from optuna>=3.0.0->-r /home/bdp1083/Presentation_4_code_Ben/Updated_OPTUNA/requirements.txt (line 15)) (1.18.3)
Requirement already satisfied: colorlog in /projects/e32998/env/lib/python3.12/site-packages (from optuna>=3.0.0->-r /home/bdp1083/Presentation_4_code_Ben/Updated_OPTUNA/requirements.txt (line 15)) (6.10.1)
Requirement already satisfied: sqlalchemy>=1.4.2 in /projects/e32998/env/lib/python3.12/site-packages (from optuna>=3.0.0->-r /home/bdp1083/Presentation_4_code_Ben/Updated_OPTUNA/requirements.txt (line 15)) (2.0.46)
Requirement already satisfied: PyYAML in /projects/e32998/env/lib/python3.12/site-packages (from optuna>=3.0.0->-r /home/bdp1083/Presentation_4_code_Ben/Updated_OPTUNA/requirements.txt (line 15)) (6.0.3)
Requirement already satisfied: Mako in /projects/e32998/env/lib/python3.12/site-packages (from alembic>=1.5.0->optuna>=3.0.0->-r /home/bdp1083/Presentation_4_code_Ben/Updated_OPTUNA/requirements.txt (line 15)) (1.3.10)
Requirement already satisfied: six>=1.5 in /projects/e32998/env/lib/python3.12/site-packages (from python-dateutil>=2.8.2->pandas>=1.3.0->-r /home/bdp1083/Presentation_4_code_Ben/Updated_OPTUNA/requirements.txt (line 5)) (1.17.0)
Requirement already satisfied: greenlet>=1 in /projects/e32998/env/lib/python3.12/site-packages (from sqlalchemy>=1.4.2->optuna>=3.0.0->-r /home/bdp1083/Presentation_4_code_Ben/Updated_OPTUNA/requirements.txt (line 15)) (3.3.1)
Requirement already satisfied: mpmath<1.4,>=1.1.0 in /projects/e32998/env/lib/python3.12/site-packages (from sympy>=1.13.3->torch>=1.9.0->-r /home/bdp1083/Presentation_4_code_Ben/Updated_OPTUNA/requirements.txt (line 2)) (1.3.0)
Requirement already satisfied: MarkupSafe>=2.0 in /projects/e32998/env/lib/python3.12/site-packages (from jinja2->torch>=1.9.0->-r /home/bdp1083/Presentation_4_code_Ben/Updated_OPTUNA/requirements.txt (line 2)) (3.0.3)
Requirement already satisfied: certifi in /projects/e32998/env/lib/python3.12/site-packages (2026.2.25)
Random seed set to 42
Using CPU
================================================================================
OPTUNA 5-FOLD HYPERPARAMETER TUNING
================================================================================
{'labels_csv': '/projects/e32998/STAT390_Krish/Code/Code4_reduce_runtime/extra_benign_case_grade_match.csv', 'patches_dir': '/projects/e32998/patches_benign_split', 'embeddings_dir': '/projects/e32998/patches_varsize_pooled4096', 'splits_dir': '/projects/e32998/STAT390_Krish/Code/Code9_no_leakage/no_train_val_leakage_splits', 'splits_pattern': 'data_splits_new_0*.npz', 'output_dir': '/home/bdp1083/Presentation_4_code_Ben/Updated_OPTUNA/optuna_5fold_runs_20260314_103625', 'study_name': 'mil_5fold_sobol10_tpe64', 'storage': 'sqlite:////home/bdp1083/Presentation_4_code_Ben/Updated_OPTUNA/optuna_5fold_runs/optuna_5fold_round2.db', 'n_trials': 64, 'sobol_startup_trials': 10, 'epochs': 30, 'pruning_warmup_epochs': 6, 'no_prune_first_trials': 6, 'batch_size': 1, 'num_workers': 2, 'seed': 42, 'per_slice_cap': 500, 'max_slices_per_stain': 5, 'n_jobs': 1}
Device: cpu
Output dir: /home/bdp1083/Presentation_4_code_Ben/Updated_OPTUNA/optuna_5fold_runs_20260314_103625
================================================================================
PREPARING ALL 5 SPLITS FOR OPTUNA
================================================================================
All 3808 non-standard file names were handled.
Data splits loaded from: /projects/e32998/STAT390_Krish/Code/Code9_no_leakage/no_train_val_leakage_splits/data_splits_new_01.npz
Fold 1: data_splits_new_01.npz | Train cases=57 | Val cases=18 | Train batches=57 | Val batches=18
Data splits loaded from: /projects/e32998/STAT390_Krish/Code/Code9_no_leakage/no_train_val_leakage_splits/data_splits_new_02.npz
Fold 2: data_splits_new_02.npz | Train cases=56 | Val cases=18 | Train batches=56 | Val batches=18
Data splits loaded from: /projects/e32998/STAT390_Krish/Code/Code9_no_leakage/no_train_val_leakage_splits/data_splits_new_03.npz
Fold 3: data_splits_new_03.npz | Train cases=55 | Val cases=19 | Train batches=55 | Val batches=19
Data splits loaded from: /projects/e32998/STAT390_Krish/Code/Code9_no_leakage/no_train_val_leakage_splits/data_splits_new_04.npz
Fold 4: data_splits_new_04.npz | Train cases=55 | Val cases=19 | Train batches=55 | Val batches=19
Data splits loaded from: /projects/e32998/STAT390_Krish/Code/Code9_no_leakage/no_train_val_leakage_splits/data_splits_new_05.npz
Fold 5: data_splits_new_05.npz | Train cases=56 | Val cases=19 | Train batches=56 | Val batches=19
Enqueued 10 Sobol startup trials.

================================================================================
Trial 0
================================================================================
learning_rate: 1.985e-04
weight_decay: 2.211e-06
patch_proj_dropout: 0.638043
classifier_dropout: 0.225830
class_weight_benign: 2.292483
entropy_lambda: 1.475e-05
Random seed set to 42

Epoch 1/30
  Fold 1: train_loss=0.7273 | val_loss=0.4491 | val_acc=0.7222
  Fold 2: train_loss=1.0849 | val_loss=0.6979 | val_acc=0.6111
  Fold 3: train_loss=0.9581 | val_loss=0.8098 | val_acc=0.4211
  Fold 4: train_loss=0.6509 | val_loss=0.3611 | val_acc=0.8947
