Job ID: 2806542
Start time: Sat Mar 14 09:31:21 CDT 2026
Requirement already satisfied: torch>=1.9.0 in /projects/e32998/env/lib/python3.12/site-packages (from -r /projects/e32998/STAT390_Krish/Code/Code9_no_leakage/requirements.txt (line 2)) (2.9.0)
Requirement already satisfied: torchvision>=0.10.0 in /projects/e32998/env/lib/python3.12/site-packages (from -r /projects/e32998/STAT390_Krish/Code/Code9_no_leakage/requirements.txt (line 3)) (0.24.0)
Requirement already satisfied: numpy>=1.21.0 in /projects/e32998/env/lib/python3.12/site-packages (from -r /projects/e32998/STAT390_Krish/Code/Code9_no_leakage/requirements.txt (line 4)) (2.3.4)
Requirement already satisfied: pandas>=1.3.0 in /projects/e32998/env/lib/python3.12/site-packages (from -r /projects/e32998/STAT390_Krish/Code/Code9_no_leakage/requirements.txt (line 5)) (2.3.3)
Requirement already satisfied: scikit-learn>=1.0.0 in /projects/e32998/env/lib/python3.12/site-packages (from -r /projects/e32998/STAT390_Krish/Code/Code9_no_leakage/requirements.txt (line 6)) (1.8.0)
Requirement already satisfied: Pillow>=8.3.0 in /projects/e32998/env/lib/python3.12/site-packages (from -r /projects/e32998/STAT390_Krish/Code/Code9_no_leakage/requirements.txt (line 7)) (12.0.0)
Requirement already satisfied: tqdm>=4.62.0 in /projects/e32998/env/lib/python3.12/site-packages (from -r /projects/e32998/STAT390_Krish/Code/Code9_no_leakage/requirements.txt (line 8)) (4.67.1)
Requirement already satisfied: matplotlib>=3.5.0 in /projects/e32998/env/lib/python3.12/site-packages (from -r /projects/e32998/STAT390_Krish/Code/Code9_no_leakage/requirements.txt (line 11)) (3.10.7)
Requirement already satisfied: seaborn>=0.11.0 in /projects/e32998/env/lib/python3.12/site-packages (from -r /projects/e32998/STAT390_Krish/Code/Code9_no_leakage/requirements.txt (line 12)) (0.13.2)
Requirement already satisfied: optuna>=3.0.0 in /projects/e32998/env/lib/python3.12/site-packages (from -r /projects/e32998/STAT390_Krish/Code/Code9_no_leakage/requirements.txt (line 15)) (4.7.0)
Requirement already satisfied: psutil>=5.8.0 in /projects/e32998/env/lib/python3.12/site-packages (from -r /projects/e32998/STAT390_Krish/Code/Code9_no_leakage/requirements.txt (line 18)) (7.1.2)
Requirement already satisfied: imbalanced-learn>=0.8.0 in /projects/e32998/env/lib/python3.12/site-packages (from -r /projects/e32998/STAT390_Krish/Code/Code9_no_leakage/requirements.txt (line 21)) (0.14.0)
Requirement already satisfied: filelock in /projects/e32998/env/lib/python3.12/site-packages (from torch>=1.9.0->-r /projects/e32998/STAT390_Krish/Code/Code9_no_leakage/requirements.txt (line 2)) (3.20.0)
Requirement already satisfied: typing-extensions>=4.10.0 in /projects/e32998/env/lib/python3.12/site-packages (from torch>=1.9.0->-r /projects/e32998/STAT390_Krish/Code/Code9_no_leakage/requirements.txt (line 2)) (4.15.0)
Requirement already satisfied: setuptools in /projects/e32998/env/lib/python3.12/site-packages (from torch>=1.9.0->-r /projects/e32998/STAT390_Krish/Code/Code9_no_leakage/requirements.txt (line 2)) (80.9.0)
Requirement already satisfied: sympy>=1.13.3 in /projects/e32998/env/lib/python3.12/site-packages (from torch>=1.9.0->-r /projects/e32998/STAT390_Krish/Code/Code9_no_leakage/requirements.txt (line 2)) (1.14.0)
Requirement already satisfied: networkx>=2.5.1 in /projects/e32998/env/lib/python3.12/site-packages (from torch>=1.9.0->-r /projects/e32998/STAT390_Krish/Code/Code9_no_leakage/requirements.txt (line 2)) (3.5)
Requirement already satisfied: jinja2 in /projects/e32998/env/lib/python3.12/site-packages (from torch>=1.9.0->-r /projects/e32998/STAT390_Krish/Code/Code9_no_leakage/requirements.txt (line 2)) (3.1.6)
Requirement already satisfied: fsspec>=0.8.5 in /projects/e32998/env/lib/python3.12/site-packages (from torch>=1.9.0->-r /projects/e32998/STAT390_Krish/Code/Code9_no_leakage/requirements.txt (line 2)) (2025.9.0)
Requirement already satisfied: nvidia-cuda-nvrtc-cu12==12.8.93 in /projects/e32998/env/lib/python3.12/site-packages (from torch>=1.9.0->-r /projects/e32998/STAT390_Krish/Code/Code9_no_leakage/requirements.txt (line 2)) (12.8.93)
Requirement already satisfied: nvidia-cuda-runtime-cu12==12.8.90 in /projects/e32998/env/lib/python3.12/site-packages (from torch>=1.9.0->-r /projects/e32998/STAT390_Krish/Code/Code9_no_leakage/requirements.txt (line 2)) (12.8.90)
Requirement already satisfied: nvidia-cuda-cupti-cu12==12.8.90 in /projects/e32998/env/lib/python3.12/site-packages (from torch>=1.9.0->-r /projects/e32998/STAT390_Krish/Code/Code9_no_leakage/requirements.txt (line 2)) (12.8.90)
Requirement already satisfied: nvidia-cudnn-cu12==9.10.2.21 in /projects/e32998/env/lib/python3.12/site-packages (from torch>=1.9.0->-r /projects/e32998/STAT390_Krish/Code/Code9_no_leakage/requirements.txt (line 2)) (9.10.2.21)
Requirement already satisfied: nvidia-cublas-cu12==12.8.4.1 in /projects/e32998/env/lib/python3.12/site-packages (from torch>=1.9.0->-r /projects/e32998/STAT390_Krish/Code/Code9_no_leakage/requirements.txt (line 2)) (12.8.4.1)
Requirement already satisfied: nvidia-cufft-cu12==11.3.3.83 in /projects/e32998/env/lib/python3.12/site-packages (from torch>=1.9.0->-r /projects/e32998/STAT390_Krish/Code/Code9_no_leakage/requirements.txt (line 2)) (11.3.3.83)
Requirement already satisfied: nvidia-curand-cu12==10.3.9.90 in /projects/e32998/env/lib/python3.12/site-packages (from torch>=1.9.0->-r /projects/e32998/STAT390_Krish/Code/Code9_no_leakage/requirements.txt (line 2)) (10.3.9.90)
Requirement already satisfied: nvidia-cusolver-cu12==11.7.3.90 in /projects/e32998/env/lib/python3.12/site-packages (from torch>=1.9.0->-r /projects/e32998/STAT390_Krish/Code/Code9_no_leakage/requirements.txt (line 2)) (11.7.3.90)
Requirement already satisfied: nvidia-cusparse-cu12==12.5.8.93 in /projects/e32998/env/lib/python3.12/site-packages (from torch>=1.9.0->-r /projects/e32998/STAT390_Krish/Code/Code9_no_leakage/requirements.txt (line 2)) (12.5.8.93)
Requirement already satisfied: nvidia-cusparselt-cu12==0.7.1 in /projects/e32998/env/lib/python3.12/site-packages (from torch>=1.9.0->-r /projects/e32998/STAT390_Krish/Code/Code9_no_leakage/requirements.txt (line 2)) (0.7.1)
Requirement already satisfied: nvidia-nccl-cu12==2.27.5 in /projects/e32998/env/lib/python3.12/site-packages (from torch>=1.9.0->-r /projects/e32998/STAT390_Krish/Code/Code9_no_leakage/requirements.txt (line 2)) (2.27.5)
Requirement already satisfied: nvidia-nvshmem-cu12==3.3.20 in /projects/e32998/env/lib/python3.12/site-packages (from torch>=1.9.0->-r /projects/e32998/STAT390_Krish/Code/Code9_no_leakage/requirements.txt (line 2)) (3.3.20)
Requirement already satisfied: nvidia-nvtx-cu12==12.8.90 in /projects/e32998/env/lib/python3.12/site-packages (from torch>=1.9.0->-r /projects/e32998/STAT390_Krish/Code/Code9_no_leakage/requirements.txt (line 2)) (12.8.90)
Requirement already satisfied: nvidia-nvjitlink-cu12==12.8.93 in /projects/e32998/env/lib/python3.12/site-packages (from torch>=1.9.0->-r /projects/e32998/STAT390_Krish/Code/Code9_no_leakage/requirements.txt (line 2)) (12.8.93)
Requirement already satisfied: nvidia-cufile-cu12==1.13.1.3 in /projects/e32998/env/lib/python3.12/site-packages (from torch>=1.9.0->-r /projects/e32998/STAT390_Krish/Code/Code9_no_leakage/requirements.txt (line 2)) (1.13.1.3)
Requirement already satisfied: triton==3.5.0 in /projects/e32998/env/lib/python3.12/site-packages (from torch>=1.9.0->-r /projects/e32998/STAT390_Krish/Code/Code9_no_leakage/requirements.txt (line 2)) (3.5.0)
Requirement already satisfied: python-dateutil>=2.8.2 in /projects/e32998/env/lib/python3.12/site-packages (from pandas>=1.3.0->-r /projects/e32998/STAT390_Krish/Code/Code9_no_leakage/requirements.txt (line 5)) (2.9.0.post0)
Requirement already satisfied: pytz>=2020.1 in /projects/e32998/env/lib/python3.12/site-packages (from pandas>=1.3.0->-r /projects/e32998/STAT390_Krish/Code/Code9_no_leakage/requirements.txt (line 5)) (2025.2)
Requirement already satisfied: tzdata>=2022.7 in /projects/e32998/env/lib/python3.12/site-packages (from pandas>=1.3.0->-r /projects/e32998/STAT390_Krish/Code/Code9_no_leakage/requirements.txt (line 5)) (2025.2)
Requirement already satisfied: scipy>=1.10.0 in /projects/e32998/env/lib/python3.12/site-packages (from scikit-learn>=1.0.0->-r /projects/e32998/STAT390_Krish/Code/Code9_no_leakage/requirements.txt (line 6)) (1.16.3)
Requirement already satisfied: joblib>=1.3.0 in /projects/e32998/env/lib/python3.12/site-packages (from scikit-learn>=1.0.0->-r /projects/e32998/STAT390_Krish/Code/Code9_no_leakage/requirements.txt (line 6)) (1.5.2)
Requirement already satisfied: threadpoolctl>=3.2.0 in /projects/e32998/env/lib/python3.12/site-packages (from scikit-learn>=1.0.0->-r /projects/e32998/STAT390_Krish/Code/Code9_no_leakage/requirements.txt (line 6)) (3.6.0)
Requirement already satisfied: contourpy>=1.0.1 in /projects/e32998/env/lib/python3.12/site-packages (from matplotlib>=3.5.0->-r /projects/e32998/STAT390_Krish/Code/Code9_no_leakage/requirements.txt (line 11)) (1.3.3)
Requirement already satisfied: cycler>=0.10 in /projects/e32998/env/lib/python3.12/site-packages (from matplotlib>=3.5.0->-r /projects/e32998/STAT390_Krish/Code/Code9_no_leakage/requirements.txt (line 11)) (0.12.1)
Requirement already satisfied: fonttools>=4.22.0 in /projects/e32998/env/lib/python3.12/site-packages (from matplotlib>=3.5.0->-r /projects/e32998/STAT390_Krish/Code/Code9_no_leakage/requirements.txt (line 11)) (4.60.1)
Requirement already satisfied: kiwisolver>=1.3.1 in /projects/e32998/env/lib/python3.12/site-packages (from matplotlib>=3.5.0->-r /projects/e32998/STAT390_Krish/Code/Code9_no_leakage/requirements.txt (line 11)) (1.4.9)
Requirement already satisfied: packaging>=20.0 in /projects/e32998/env/lib/python3.12/site-packages (from matplotlib>=3.5.0->-r /projects/e32998/STAT390_Krish/Code/Code9_no_leakage/requirements.txt (line 11)) (25.0)
Requirement already satisfied: pyparsing>=3 in /projects/e32998/env/lib/python3.12/site-packages (from matplotlib>=3.5.0->-r /projects/e32998/STAT390_Krish/Code/Code9_no_leakage/requirements.txt (line 11)) (3.2.5)
Requirement already satisfied: alembic>=1.5.0 in /projects/e32998/env/lib/python3.12/site-packages (from optuna>=3.0.0->-r /projects/e32998/STAT390_Krish/Code/Code9_no_leakage/requirements.txt (line 15)) (1.18.3)
Requirement already satisfied: colorlog in /projects/e32998/env/lib/python3.12/site-packages (from optuna>=3.0.0->-r /projects/e32998/STAT390_Krish/Code/Code9_no_leakage/requirements.txt (line 15)) (6.10.1)
Requirement already satisfied: sqlalchemy>=1.4.2 in /projects/e32998/env/lib/python3.12/site-packages (from optuna>=3.0.0->-r /projects/e32998/STAT390_Krish/Code/Code9_no_leakage/requirements.txt (line 15)) (2.0.46)
Requirement already satisfied: PyYAML in /projects/e32998/env/lib/python3.12/site-packages (from optuna>=3.0.0->-r /projects/e32998/STAT390_Krish/Code/Code9_no_leakage/requirements.txt (line 15)) (6.0.3)
Requirement already satisfied: Mako in /projects/e32998/env/lib/python3.12/site-packages (from alembic>=1.5.0->optuna>=3.0.0->-r /projects/e32998/STAT390_Krish/Code/Code9_no_leakage/requirements.txt (line 15)) (1.3.10)
Requirement already satisfied: six>=1.5 in /projects/e32998/env/lib/python3.12/site-packages (from python-dateutil>=2.8.2->pandas>=1.3.0->-r /projects/e32998/STAT390_Krish/Code/Code9_no_leakage/requirements.txt (line 5)) (1.17.0)
Requirement already satisfied: greenlet>=1 in /projects/e32998/env/lib/python3.12/site-packages (from sqlalchemy>=1.4.2->optuna>=3.0.0->-r /projects/e32998/STAT390_Krish/Code/Code9_no_leakage/requirements.txt (line 15)) (3.3.1)
Requirement already satisfied: mpmath<1.4,>=1.1.0 in /projects/e32998/env/lib/python3.12/site-packages (from sympy>=1.13.3->torch>=1.9.0->-r /projects/e32998/STAT390_Krish/Code/Code9_no_leakage/requirements.txt (line 2)) (1.3.0)
Requirement already satisfied: MarkupSafe>=2.0 in /projects/e32998/env/lib/python3.12/site-packages (from jinja2->torch>=1.9.0->-r /projects/e32998/STAT390_Krish/Code/Code9_no_leakage/requirements.txt (line 2)) (3.0.3)
Requirement already satisfied: certifi in /projects/e32998/env/lib/python3.12/site-packages (2026.2.25)
Random seed set to 42
Using CPU
Created run directory: /projects/e32998/MIL_training/final_runs/run_20260314_093153
================================================================================
HIERARCHICAL ATTENTION MIL TRAINING
================================================================================
Arguments: {'labels_csv': '/projects/e32998/STAT390_Krish/Code/Code4_reduce_runtime/extra_benign_case_grade_match.csv', 'patches_dir': '/projects/e32998/patches_benign_split', 'epochs': 30, 'lr': 5.22465277102519e-05, 'batch_size': 1, 'num_workers': 2, 'embed_dim': 512, 'per_slice_cap': 500, 'max_slices_per_stain': 5, 'seed': 42, 'resume': None, 'eval_only': False, 'analyze_attention': True, 'attention_top_n': 8, 'load_splits': '/projects/e32998/STAT390_Krish/Code/Code9_no_leakage/no_train_val_leakage_splits/data_splits_new_03.npz', 'checkpoint_dir': '/projects/e32998/MIL_training/final_runs/run_20260314_093153/checkpoints'}
Training config (may be overridden by arguments): {'epochs': 30, 'batch_size': 1, 'learning_rate': 5.22465277102519e-05, 'weight_decay': 0.000469622726832617, 'num_workers': 2, 'pin_memory': True, 'random_state': 42, 'class_weights': [2.13658618927002, 1.0], 'classifier_dropout': 0.198203802108765, 'patch_proj_dropout': 0.511009573936462, 'use_scheduler': True, 'scheduler_type': 'reduce_on_plateau', 'scheduler_patience': 4, 'scheduler_factor': 0.2139, 'scheduler_min_lr': 1e-06, 'early_stopping': True, 'early_stopping_patience': 8, 'early_stopping_min_delta': 0.001, 'early_stopping_min_epochs': 10, 'use_patch_entropy_regularization': True, 'patch_entropy_lambda': 0.000997635683829176, 'patch_entropy_mode': 'max', 'patch_entropy_eps': 1e-08, 'normalize_patch_entropy': True}
============================================================
PREPARING DATA
============================================================
Loaded 118 labels
Found 83630 patch files
All 3808 non-standard file names were handled.
Grouped into 383 slices
Mapped 371 slices to classes
Class distribution: {1: 238, 0: 133}

----------------------------------------
SPLITTING DATA
----------------------------------------
Loading existing splits from: /projects/e32998/STAT390_Krish/Code/Code9_no_leakage/no_train_val_leakage_splits/data_splits_new_03.npz
Data splits loaded from: /projects/e32998/STAT390_Krish/Code/Code9_no_leakage/no_train_val_leakage_splits/data_splits_new_03.npz
Loaded splits - Train: 197, Val: 67, Test: 107
Cases per split: 55 19 19
Paths per split: 42291 15481 22269
No leakage between train & val (cases).
No leakage between train & test (cases).
No leakage between val & test (cases).
No leakage between train & val (paths).
No leakage between train & test (paths).
No leakage between val & test (paths).

Data Summary:
==================================================

Label distribution per split:
label   0   1
split        
test    7  12
train  21  34
val     7  12

Mean patches per stain per split:
       h&e_patches  melan_patches  sox10_patches
split                                           
test         559.1          337.4          275.6
train        394.7          200.2          174.0
val          387.2          242.0          185.6

Median patches per stain per split:
       h&e_patches  melan_patches  sox10_patches
split                                           
test         414.0          236.0          162.0
train        313.0          175.0          153.0
val          328.0          192.0          128.0

Missing stain proportion:
       h&e_missing  melan_missing  sox10_missing
split                                           
test           0.0          0.000          0.000
train          0.0          0.018          0.018
val            0.0          0.053          0.053

Total cases: 93
Total patches: 80,041
==================================================

Patch count by class for Train:
  Benign (0):     14210 patches
  High-grade (1): 28081 patches

Patch count by class for Validation:
  Benign (0):     6209 patches
  High-grade (1): 9272 patches

Patch count by class for Test:
  Benign (0):     5361 patches
  High-grade (1): 16908 patches

Data Integrity Check for Train:
Stain coverage:
  h&e: 55/55 (100.0%)
  melan: 54/55 (98.2%)
  sox10: 54/55 (98.2%)
No issues found

Data Integrity Check for Validation:
Stain coverage:
  h&e: 19/19 (100.0%)
  melan: 18/19 (94.7%)
  sox10: 18/19 (94.7%)
No issues found

Data Integrity Check for Test:
Stain coverage:
  h&e: 19/19 (100.0%)
  melan: 19/19 (100.0%)
  sox10: 19/19 (100.0%)
No issues found
Using existing splits from: /projects/e32998/STAT390_Krish/Code/Code9_no_leakage/no_train_val_leakage_splits/data_splits_new_03.npz

============================================================
CREATING DATA LOADERS (POOLED FEATURES)
============================================================
Created data loaders - Train: 55, Val: 19, Test: 19

============================================================
CREATING MODEL
============================================================

Model Summary:
==================================================
Total parameters: 2,493,061
Trainable parameters: 2,493,061
Model size: 9.51 MB
==================================================

============================================================
TRAINING MODEL
============================================================
Starting training from epoch 1 to 30
Device: cpu
Model parameters: 2,493,061
LR scheduler: ReduceLROnPlateau
Patch entropy regularization enabled (lambda=0.000997635683829176, mode=max, normalize=True) -> maximize entropy (smoother attention)
Early stopping enabled (patience=8, min_delta=0.001, min_epochs=10)

Epoch 1/30 (LR: 5.22e-05)
Train Loss: 0.7014 | Train CE: 0.7024 | Train Patch Entropy: 0.9977 | Val Loss: 0.6365 | Val Acc: 0.5789
Epoch Time: 54.78s
New best validation loss: 0.6365
Checkpoint saved: /projects/e32998/MIL_training/final_runs/run_20260314_093153/checkpoints/20260314_093254_HierarchicalAttnMIL_epoch1.pth
Best checkpoint updated: /projects/e32998/MIL_training/final_runs/run_20260314_093153/checkpoints/best.pth

Epoch 2/30 (LR: 5.22e-05)
Train Loss: 0.3873 | Train CE: 0.3883 | Train Patch Entropy: 0.9961 | Val Loss: 0.7706 | Val Acc: 0.6316
Epoch Time: 54.78s
No improvement for 1 epoch(s)
Checkpoint saved: /projects/e32998/MIL_training/final_runs/run_20260314_093153/checkpoints/20260314_093349_HierarchicalAttnMIL_epoch2.pth

Epoch 3/30 (LR: 5.22e-05)
Train Loss: 0.4315 | Train CE: 0.4325 | Train Patch Entropy: 0.9911 | Val Loss: 0.4121 | Val Acc: 0.8421
Epoch Time: 54.31s
New best validation loss: 0.4121
Checkpoint saved: /projects/e32998/MIL_training/final_runs/run_20260314_093153/checkpoints/20260314_093443_HierarchicalAttnMIL_epoch3.pth
Best checkpoint updated: /projects/e32998/MIL_training/final_runs/run_20260314_093153/checkpoints/best.pth

Epoch 4/30 (LR: 5.22e-05)
Train Loss: 0.2722 | Train CE: 0.2732 | Train Patch Entropy: 0.9860 | Val Loss: 0.3715 | Val Acc: 0.8421
Epoch Time: 51.09s
New best validation loss: 0.3715
Checkpoint saved: /projects/e32998/MIL_training/final_runs/run_20260314_093153/checkpoints/20260314_093534_HierarchicalAttnMIL_epoch4.pth
Best checkpoint updated: /projects/e32998/MIL_training/final_runs/run_20260314_093153/checkpoints/best.pth

Epoch 5/30 (LR: 5.22e-05)
Train Loss: 0.1690 | Train CE: 0.1699 | Train Patch Entropy: 0.9746 | Val Loss: 0.3254 | Val Acc: 0.8421
Epoch Time: 55.49s
New best validation loss: 0.3254
Checkpoint saved: /projects/e32998/MIL_training/final_runs/run_20260314_093153/checkpoints/20260314_093630_HierarchicalAttnMIL_epoch5.pth
Best checkpoint updated: /projects/e32998/MIL_training/final_runs/run_20260314_093153/checkpoints/best.pth

Epoch 6/30 (LR: 5.22e-05)
Train Loss: 0.0812 | Train CE: 0.0822 | Train Patch Entropy: 0.9603 | Val Loss: 0.2483 | Val Acc: 0.8947
Epoch Time: 57.78s
New best validation loss: 0.2483
Checkpoint saved: /projects/e32998/MIL_training/final_runs/run_20260314_093153/checkpoints/20260314_093728_HierarchicalAttnMIL_epoch6.pth
Best checkpoint updated: /projects/e32998/MIL_training/final_runs/run_20260314_093153/checkpoints/best.pth

Epoch 7/30 (LR: 5.22e-05)
Train Loss: 0.0382 | Train CE: 0.0391 | Train Patch Entropy: 0.9435 | Val Loss: 0.3836 | Val Acc: 0.7895
Epoch Time: 54.80s
No improvement for 1 epoch(s)
Checkpoint saved: /projects/e32998/MIL_training/final_runs/run_20260314_093153/checkpoints/20260314_093823_HierarchicalAttnMIL_epoch7.pth

Epoch 8/30 (LR: 5.22e-05)
Train Loss: 0.0173 | Train CE: 0.0182 | Train Patch Entropy: 0.9232 | Val Loss: 0.1643 | Val Acc: 0.8947
Epoch Time: 59.38s
New best validation loss: 0.1643
Checkpoint saved: /projects/e32998/MIL_training/final_runs/run_20260314_093153/checkpoints/20260314_093922_HierarchicalAttnMIL_epoch8.pth
Best checkpoint updated: /projects/e32998/MIL_training/final_runs/run_20260314_093153/checkpoints/best.pth

Epoch 9/30 (LR: 5.22e-05)
Train Loss: 0.0099 | Train CE: 0.0108 | Train Patch Entropy: 0.9121 | Val Loss: 0.1514 | Val Acc: 0.8947
Epoch Time: 55.02s
New best validation loss: 0.1514
Checkpoint saved: /projects/e32998/MIL_training/final_runs/run_20260314_093153/checkpoints/20260314_094017_HierarchicalAttnMIL_epoch9.pth
Best checkpoint updated: /projects/e32998/MIL_training/final_runs/run_20260314_093153/checkpoints/best.pth

Epoch 10/30 (LR: 5.22e-05)
Train Loss: 0.0091 | Train CE: 0.0100 | Train Patch Entropy: 0.9032 | Val Loss: 0.1440 | Val Acc: 0.8947
Epoch Time: 58.59s
New best validation loss: 0.1440
Checkpoint saved: /projects/e32998/MIL_training/final_runs/run_20260314_093153/checkpoints/20260314_094116_HierarchicalAttnMIL_epoch10.pth
Best checkpoint updated: /projects/e32998/MIL_training/final_runs/run_20260314_093153/checkpoints/best.pth

Epoch 11/30 (LR: 5.22e-05)
Train Loss: 0.0025 | Train CE: 0.0034 | Train Patch Entropy: 0.8944 | Val Loss: 0.2151 | Val Acc: 0.9474
Epoch Time: 53.65s
No improvement for 1 epoch(s)
Checkpoint saved: /projects/e32998/MIL_training/final_runs/run_20260314_093153/checkpoints/20260314_094209_HierarchicalAttnMIL_epoch11.pth

Epoch 12/30 (LR: 5.22e-05)
Train Loss: 0.0031 | Train CE: 0.0040 | Train Patch Entropy: 0.8921 | Val Loss: 0.1380 | Val Acc: 0.9474
Epoch Time: 58.75s
New best validation loss: 0.1380
Checkpoint saved: /projects/e32998/MIL_training/final_runs/run_20260314_093153/checkpoints/20260314_094308_HierarchicalAttnMIL_epoch12.pth
Best checkpoint updated: /projects/e32998/MIL_training/final_runs/run_20260314_093153/checkpoints/best.pth

Epoch 13/30 (LR: 5.22e-05)
Train Loss: 0.0015 | Train CE: 0.0024 | Train Patch Entropy: 0.8886 | Val Loss: 0.1526 | Val Acc: 0.9474
Epoch Time: 68.45s
No improvement for 1 epoch(s)
Checkpoint saved: /projects/e32998/MIL_training/final_runs/run_20260314_093153/checkpoints/20260314_094417_HierarchicalAttnMIL_epoch13.pth

Epoch 14/30 (LR: 5.22e-05)
Train Loss: 0.0007 | Train CE: 0.0015 | Train Patch Entropy: 0.8859 | Val Loss: 0.1568 | Val Acc: 0.9474
Epoch Time: 58.30s
No improvement for 2 epoch(s)
Checkpoint saved: /projects/e32998/MIL_training/final_runs/run_20260314_093153/checkpoints/20260314_094515_HierarchicalAttnMIL_epoch14.pth

Epoch 15/30 (LR: 5.22e-05)
Train Loss: 0.0008 | Train CE: 0.0017 | Train Patch Entropy: 0.8853 | Val Loss: 0.1716 | Val Acc: 0.9474
Epoch Time: 64.86s
No improvement for 3 epoch(s)
Checkpoint saved: /projects/e32998/MIL_training/final_runs/run_20260314_093153/checkpoints/20260314_094620_HierarchicalAttnMIL_epoch15.pth

Epoch 16/30 (LR: 5.22e-05)
Train Loss: 0.0002 | Train CE: 0.0011 | Train Patch Entropy: 0.8817 | Val Loss: 0.1721 | Val Acc: 0.9474
Epoch Time: 58.58s
No improvement for 4 epoch(s)
Checkpoint saved: /projects/e32998/MIL_training/final_runs/run_20260314_093153/checkpoints/20260314_094719_HierarchicalAttnMIL_epoch16.pth

Epoch 17/30 (LR: 5.22e-05)
Train Loss: 0.0003 | Train CE: 0.0012 | Train Patch Entropy: 0.8801 | Val Loss: 0.1631 | Val Acc: 0.9474
Epoch Time: 58.46s
No improvement for 5 epoch(s)
Checkpoint saved: /projects/e32998/MIL_training/final_runs/run_20260314_093153/checkpoints/20260314_094817_HierarchicalAttnMIL_epoch17.pth

Epoch 18/30 (LR: 1.12e-05)
Train Loss: 0.0003 | Train CE: 0.0012 | Train Patch Entropy: 0.8806 | Val Loss: 0.1607 | Val Acc: 0.9474
Epoch Time: 60.98s
No improvement for 6 epoch(s)
Checkpoint saved: /projects/e32998/MIL_training/final_runs/run_20260314_093153/checkpoints/20260314_094918_HierarchicalAttnMIL_epoch18.pth

Epoch 19/30 (LR: 1.12e-05)
Train Loss: -0.0001 | Train CE: 0.0007 | Train Patch Entropy: 0.8798 | Val Loss: 0.1632 | Val Acc: 0.9474
Epoch Time: 62.85s
No improvement for 7 epoch(s)
Checkpoint saved: /projects/e32998/MIL_training/final_runs/run_20260314_093153/checkpoints/20260314_095021_HierarchicalAttnMIL_epoch19.pth

Epoch 20/30 (LR: 1.12e-05)
Train Loss: 0.0002 | Train CE: 0.0011 | Train Patch Entropy: 0.8783 | Val Loss: 0.1665 | Val Acc: 0.9474
Epoch Time: 62.71s
No improvement for 8 epoch(s)
Checkpoint saved: /projects/e32998/MIL_training/final_runs/run_20260314_093153/checkpoints/20260314_095124_HierarchicalAttnMIL_epoch20.pth

Early stopping triggered at epoch 20. Best val loss: 0.1380

Training completed!

============================================================
EVALUATING MODEL
============================================================

Test Results:
  Test Loss: 0.7427
  Test Acc:  0.7895
  Samples:   19
Predictions saved to: /projects/e32998/MIL_training/final_runs/run_20260314_093153/predictions.csv
Confusion matrix saved to: /projects/e32998/MIL_training/final_runs/run_20260314_093153/confusion_matrix.png

============================================================
ATTENTION ANALYSIS
============================================================
Attention summary saved to: /projects/e32998/MIL_training/final_runs/run_20260314_093153/attention_analysis/attention_summary.txt
Per-case effective patch attention distributions saved.
Per-case & per-stain slice attention rank plots saved to: /projects/e32998/MIL_training/final_runs/run_20260314_093153/attention_analysis/slice_attention
Per-case top 5.0% effective patches CSV saved to: /projects/e32998/MIL_training/final_runs/run_20260314_093153/attention_analysis/top_effective_patches_per_case_5.0pct.csv
Per-case top 5.0% summary saved to: /projects/e32998/MIL_training/final_runs/run_20260314_093153/attention_analysis/top_effective_patches_per_case_summary_5.0pct.txt
Attention analysis saved to: /projects/e32998/MIL_training/final_runs/run_20260314_093153/attention_analysis

Results saved to: /projects/e32998/MIL_training/final_runs/run_20260314_093153

Total execution time: 1368.61s (0.38 hours)
Training completed successfully!
