Job ID: 2934477
Start time: Mon Mar 16 12:57:27 CDT 2026
Requirement already satisfied: torch>=1.9.0 in /projects/e32998/env/lib/python3.12/site-packages (from -r /projects/e32998/STAT390_Krish/Code/Code9_no_leakage/requirements.txt (line 2)) (2.9.0)
Requirement already satisfied: torchvision>=0.10.0 in /projects/e32998/env/lib/python3.12/site-packages (from -r /projects/e32998/STAT390_Krish/Code/Code9_no_leakage/requirements.txt (line 3)) (0.24.0)
Requirement already satisfied: numpy>=1.21.0 in /projects/e32998/env/lib/python3.12/site-packages (from -r /projects/e32998/STAT390_Krish/Code/Code9_no_leakage/requirements.txt (line 4)) (2.3.4)
Requirement already satisfied: pandas>=1.3.0 in /projects/e32998/env/lib/python3.12/site-packages (from -r /projects/e32998/STAT390_Krish/Code/Code9_no_leakage/requirements.txt (line 5)) (2.3.3)
Requirement already satisfied: scikit-learn>=1.0.0 in /projects/e32998/env/lib/python3.12/site-packages (from -r /projects/e32998/STAT390_Krish/Code/Code9_no_leakage/requirements.txt (line 6)) (1.8.0)
Requirement already satisfied: Pillow>=8.3.0 in /projects/e32998/env/lib/python3.12/site-packages (from -r /projects/e32998/STAT390_Krish/Code/Code9_no_leakage/requirements.txt (line 7)) (12.0.0)
Requirement already satisfied: tqdm>=4.62.0 in /projects/e32998/env/lib/python3.12/site-packages (from -r /projects/e32998/STAT390_Krish/Code/Code9_no_leakage/requirements.txt (line 8)) (4.67.1)
Requirement already satisfied: matplotlib>=3.5.0 in /projects/e32998/env/lib/python3.12/site-packages (from -r /projects/e32998/STAT390_Krish/Code/Code9_no_leakage/requirements.txt (line 11)) (3.10.7)
Requirement already satisfied: seaborn>=0.11.0 in /projects/e32998/env/lib/python3.12/site-packages (from -r /projects/e32998/STAT390_Krish/Code/Code9_no_leakage/requirements.txt (line 12)) (0.13.2)
Requirement already satisfied: optuna>=3.0.0 in /projects/e32998/env/lib/python3.12/site-packages (from -r /projects/e32998/STAT390_Krish/Code/Code9_no_leakage/requirements.txt (line 15)) (4.7.0)
Requirement already satisfied: psutil>=5.8.0 in /projects/e32998/env/lib/python3.12/site-packages (from -r /projects/e32998/STAT390_Krish/Code/Code9_no_leakage/requirements.txt (line 18)) (7.1.2)
Requirement already satisfied: imbalanced-learn>=0.8.0 in /projects/e32998/env/lib/python3.12/site-packages (from -r /projects/e32998/STAT390_Krish/Code/Code9_no_leakage/requirements.txt (line 21)) (0.14.0)
Requirement already satisfied: filelock in /projects/e32998/env/lib/python3.12/site-packages (from torch>=1.9.0->-r /projects/e32998/STAT390_Krish/Code/Code9_no_leakage/requirements.txt (line 2)) (3.20.0)
Requirement already satisfied: typing-extensions>=4.10.0 in /projects/e32998/env/lib/python3.12/site-packages (from torch>=1.9.0->-r /projects/e32998/STAT390_Krish/Code/Code9_no_leakage/requirements.txt (line 2)) (4.15.0)
Requirement already satisfied: setuptools in /projects/e32998/env/lib/python3.12/site-packages (from torch>=1.9.0->-r /projects/e32998/STAT390_Krish/Code/Code9_no_leakage/requirements.txt (line 2)) (80.9.0)
Requirement already satisfied: sympy>=1.13.3 in /projects/e32998/env/lib/python3.12/site-packages (from torch>=1.9.0->-r /projects/e32998/STAT390_Krish/Code/Code9_no_leakage/requirements.txt (line 2)) (1.14.0)
Requirement already satisfied: networkx>=2.5.1 in /projects/e32998/env/lib/python3.12/site-packages (from torch>=1.9.0->-r /projects/e32998/STAT390_Krish/Code/Code9_no_leakage/requirements.txt (line 2)) (3.5)
Requirement already satisfied: jinja2 in /projects/e32998/env/lib/python3.12/site-packages (from torch>=1.9.0->-r /projects/e32998/STAT390_Krish/Code/Code9_no_leakage/requirements.txt (line 2)) (3.1.6)
Requirement already satisfied: fsspec>=0.8.5 in /projects/e32998/env/lib/python3.12/site-packages (from torch>=1.9.0->-r /projects/e32998/STAT390_Krish/Code/Code9_no_leakage/requirements.txt (line 2)) (2025.9.0)
Requirement already satisfied: nvidia-cuda-nvrtc-cu12==12.8.93 in /projects/e32998/env/lib/python3.12/site-packages (from torch>=1.9.0->-r /projects/e32998/STAT390_Krish/Code/Code9_no_leakage/requirements.txt (line 2)) (12.8.93)
Requirement already satisfied: nvidia-cuda-runtime-cu12==12.8.90 in /projects/e32998/env/lib/python3.12/site-packages (from torch>=1.9.0->-r /projects/e32998/STAT390_Krish/Code/Code9_no_leakage/requirements.txt (line 2)) (12.8.90)
Requirement already satisfied: nvidia-cuda-cupti-cu12==12.8.90 in /projects/e32998/env/lib/python3.12/site-packages (from torch>=1.9.0->-r /projects/e32998/STAT390_Krish/Code/Code9_no_leakage/requirements.txt (line 2)) (12.8.90)
Requirement already satisfied: nvidia-cudnn-cu12==9.10.2.21 in /projects/e32998/env/lib/python3.12/site-packages (from torch>=1.9.0->-r /projects/e32998/STAT390_Krish/Code/Code9_no_leakage/requirements.txt (line 2)) (9.10.2.21)
Requirement already satisfied: nvidia-cublas-cu12==12.8.4.1 in /projects/e32998/env/lib/python3.12/site-packages (from torch>=1.9.0->-r /projects/e32998/STAT390_Krish/Code/Code9_no_leakage/requirements.txt (line 2)) (12.8.4.1)
Requirement already satisfied: nvidia-cufft-cu12==11.3.3.83 in /projects/e32998/env/lib/python3.12/site-packages (from torch>=1.9.0->-r /projects/e32998/STAT390_Krish/Code/Code9_no_leakage/requirements.txt (line 2)) (11.3.3.83)
Requirement already satisfied: nvidia-curand-cu12==10.3.9.90 in /projects/e32998/env/lib/python3.12/site-packages (from torch>=1.9.0->-r /projects/e32998/STAT390_Krish/Code/Code9_no_leakage/requirements.txt (line 2)) (10.3.9.90)
Requirement already satisfied: nvidia-cusolver-cu12==11.7.3.90 in /projects/e32998/env/lib/python3.12/site-packages (from torch>=1.9.0->-r /projects/e32998/STAT390_Krish/Code/Code9_no_leakage/requirements.txt (line 2)) (11.7.3.90)
Requirement already satisfied: nvidia-cusparse-cu12==12.5.8.93 in /projects/e32998/env/lib/python3.12/site-packages (from torch>=1.9.0->-r /projects/e32998/STAT390_Krish/Code/Code9_no_leakage/requirements.txt (line 2)) (12.5.8.93)
Requirement already satisfied: nvidia-cusparselt-cu12==0.7.1 in /projects/e32998/env/lib/python3.12/site-packages (from torch>=1.9.0->-r /projects/e32998/STAT390_Krish/Code/Code9_no_leakage/requirements.txt (line 2)) (0.7.1)
Requirement already satisfied: nvidia-nccl-cu12==2.27.5 in /projects/e32998/env/lib/python3.12/site-packages (from torch>=1.9.0->-r /projects/e32998/STAT390_Krish/Code/Code9_no_leakage/requirements.txt (line 2)) (2.27.5)
Requirement already satisfied: nvidia-nvshmem-cu12==3.3.20 in /projects/e32998/env/lib/python3.12/site-packages (from torch>=1.9.0->-r /projects/e32998/STAT390_Krish/Code/Code9_no_leakage/requirements.txt (line 2)) (3.3.20)
Requirement already satisfied: nvidia-nvtx-cu12==12.8.90 in /projects/e32998/env/lib/python3.12/site-packages (from torch>=1.9.0->-r /projects/e32998/STAT390_Krish/Code/Code9_no_leakage/requirements.txt (line 2)) (12.8.90)
Requirement already satisfied: nvidia-nvjitlink-cu12==12.8.93 in /projects/e32998/env/lib/python3.12/site-packages (from torch>=1.9.0->-r /projects/e32998/STAT390_Krish/Code/Code9_no_leakage/requirements.txt (line 2)) (12.8.93)
Requirement already satisfied: nvidia-cufile-cu12==1.13.1.3 in /projects/e32998/env/lib/python3.12/site-packages (from torch>=1.9.0->-r /projects/e32998/STAT390_Krish/Code/Code9_no_leakage/requirements.txt (line 2)) (1.13.1.3)
Requirement already satisfied: triton==3.5.0 in /projects/e32998/env/lib/python3.12/site-packages (from torch>=1.9.0->-r /projects/e32998/STAT390_Krish/Code/Code9_no_leakage/requirements.txt (line 2)) (3.5.0)
Requirement already satisfied: python-dateutil>=2.8.2 in /projects/e32998/env/lib/python3.12/site-packages (from pandas>=1.3.0->-r /projects/e32998/STAT390_Krish/Code/Code9_no_leakage/requirements.txt (line 5)) (2.9.0.post0)
Requirement already satisfied: pytz>=2020.1 in /projects/e32998/env/lib/python3.12/site-packages (from pandas>=1.3.0->-r /projects/e32998/STAT390_Krish/Code/Code9_no_leakage/requirements.txt (line 5)) (2025.2)
Requirement already satisfied: tzdata>=2022.7 in /projects/e32998/env/lib/python3.12/site-packages (from pandas>=1.3.0->-r /projects/e32998/STAT390_Krish/Code/Code9_no_leakage/requirements.txt (line 5)) (2025.2)
Requirement already satisfied: scipy>=1.10.0 in /projects/e32998/env/lib/python3.12/site-packages (from scikit-learn>=1.0.0->-r /projects/e32998/STAT390_Krish/Code/Code9_no_leakage/requirements.txt (line 6)) (1.16.3)
Requirement already satisfied: joblib>=1.3.0 in /projects/e32998/env/lib/python3.12/site-packages (from scikit-learn>=1.0.0->-r /projects/e32998/STAT390_Krish/Code/Code9_no_leakage/requirements.txt (line 6)) (1.5.2)
Requirement already satisfied: threadpoolctl>=3.2.0 in /projects/e32998/env/lib/python3.12/site-packages (from scikit-learn>=1.0.0->-r /projects/e32998/STAT390_Krish/Code/Code9_no_leakage/requirements.txt (line 6)) (3.6.0)
Requirement already satisfied: contourpy>=1.0.1 in /projects/e32998/env/lib/python3.12/site-packages (from matplotlib>=3.5.0->-r /projects/e32998/STAT390_Krish/Code/Code9_no_leakage/requirements.txt (line 11)) (1.3.3)
Requirement already satisfied: cycler>=0.10 in /projects/e32998/env/lib/python3.12/site-packages (from matplotlib>=3.5.0->-r /projects/e32998/STAT390_Krish/Code/Code9_no_leakage/requirements.txt (line 11)) (0.12.1)
Requirement already satisfied: fonttools>=4.22.0 in /projects/e32998/env/lib/python3.12/site-packages (from matplotlib>=3.5.0->-r /projects/e32998/STAT390_Krish/Code/Code9_no_leakage/requirements.txt (line 11)) (4.60.1)
Requirement already satisfied: kiwisolver>=1.3.1 in /projects/e32998/env/lib/python3.12/site-packages (from matplotlib>=3.5.0->-r /projects/e32998/STAT390_Krish/Code/Code9_no_leakage/requirements.txt (line 11)) (1.4.9)
Requirement already satisfied: packaging>=20.0 in /projects/e32998/env/lib/python3.12/site-packages (from matplotlib>=3.5.0->-r /projects/e32998/STAT390_Krish/Code/Code9_no_leakage/requirements.txt (line 11)) (25.0)
Requirement already satisfied: pyparsing>=3 in /projects/e32998/env/lib/python3.12/site-packages (from matplotlib>=3.5.0->-r /projects/e32998/STAT390_Krish/Code/Code9_no_leakage/requirements.txt (line 11)) (3.2.5)
Requirement already satisfied: alembic>=1.5.0 in /projects/e32998/env/lib/python3.12/site-packages (from optuna>=3.0.0->-r /projects/e32998/STAT390_Krish/Code/Code9_no_leakage/requirements.txt (line 15)) (1.18.3)
Requirement already satisfied: colorlog in /projects/e32998/env/lib/python3.12/site-packages (from optuna>=3.0.0->-r /projects/e32998/STAT390_Krish/Code/Code9_no_leakage/requirements.txt (line 15)) (6.10.1)
Requirement already satisfied: sqlalchemy>=1.4.2 in /projects/e32998/env/lib/python3.12/site-packages (from optuna>=3.0.0->-r /projects/e32998/STAT390_Krish/Code/Code9_no_leakage/requirements.txt (line 15)) (2.0.46)
Requirement already satisfied: PyYAML in /projects/e32998/env/lib/python3.12/site-packages (from optuna>=3.0.0->-r /projects/e32998/STAT390_Krish/Code/Code9_no_leakage/requirements.txt (line 15)) (6.0.3)
Requirement already satisfied: Mako in /projects/e32998/env/lib/python3.12/site-packages (from alembic>=1.5.0->optuna>=3.0.0->-r /projects/e32998/STAT390_Krish/Code/Code9_no_leakage/requirements.txt (line 15)) (1.3.10)
Requirement already satisfied: six>=1.5 in /projects/e32998/env/lib/python3.12/site-packages (from python-dateutil>=2.8.2->pandas>=1.3.0->-r /projects/e32998/STAT390_Krish/Code/Code9_no_leakage/requirements.txt (line 5)) (1.17.0)
Requirement already satisfied: greenlet>=1 in /projects/e32998/env/lib/python3.12/site-packages (from sqlalchemy>=1.4.2->optuna>=3.0.0->-r /projects/e32998/STAT390_Krish/Code/Code9_no_leakage/requirements.txt (line 15)) (3.3.1)
Requirement already satisfied: mpmath<1.4,>=1.1.0 in /projects/e32998/env/lib/python3.12/site-packages (from sympy>=1.13.3->torch>=1.9.0->-r /projects/e32998/STAT390_Krish/Code/Code9_no_leakage/requirements.txt (line 2)) (1.3.0)
Requirement already satisfied: MarkupSafe>=2.0 in /projects/e32998/env/lib/python3.12/site-packages (from jinja2->torch>=1.9.0->-r /projects/e32998/STAT390_Krish/Code/Code9_no_leakage/requirements.txt (line 2)) (3.0.3)
Requirement already satisfied: certifi in /projects/e32998/env/lib/python3.12/site-packages (2026.2.25)
Random seed set to 42
Using CPU
Created run directory: /projects/e32998/MIL_training/final_runs/run_20260316_125804
================================================================================
HIERARCHICAL ATTENTION MIL TRAINING
================================================================================
Arguments: {'labels_csv': '/projects/e32998/STAT390_Krish/Code/Code4_reduce_runtime/extra_benign_case_grade_match.csv', 'patches_dir': '/projects/e32998/patches_benign_split', 'epochs': 30, 'lr': 6.09039212221789e-05, 'batch_size': 1, 'num_workers': 2, 'embed_dim': 512, 'per_slice_cap': 500, 'max_slices_per_stain': 5, 'seed': 42, 'resume': None, 'eval_only': False, 'analyze_attention': True, 'attention_top_n': 8, 'load_splits': '/projects/e32998/STAT390_Krish/Code/Code9_no_leakage/no_train_val_leakage_splits/data_splits_new_02.npz', 'checkpoint_dir': '/projects/e32998/MIL_training/final_runs/run_20260316_125804/checkpoints'}
Training config (may be overridden by arguments): {'epochs': 30, 'batch_size': 1, 'learning_rate': 6.09039212221789e-05, 'weight_decay': 4.44088475879475e-05, 'num_workers': 2, 'pin_memory': True, 'random_state': 42, 'class_weights': [2.88660573959351, 1.0], 'classifier_dropout': 0.331241250038147, 'patch_proj_dropout': 0.49042671918869, 'use_scheduler': True, 'scheduler_type': 'reduce_on_plateau', 'scheduler_patience': 4, 'scheduler_factor': 0.2139, 'scheduler_min_lr': 1e-06, 'early_stopping': True, 'early_stopping_patience': 8, 'early_stopping_min_delta': 0.001, 'early_stopping_min_epochs': 10, 'use_patch_entropy_regularization': True, 'patch_entropy_lambda': 4.78111935799506e-05, 'patch_entropy_mode': 'max', 'patch_entropy_eps': 1e-08, 'normalize_patch_entropy': True}
============================================================
PREPARING DATA
============================================================
Loaded 118 labels
Found 83630 patch files
All 3808 non-standard file names were handled.
Grouped into 383 slices
Mapped 371 slices to classes
Class distribution: {1: 238, 0: 133}

----------------------------------------
SPLITTING DATA
----------------------------------------
Loading existing splits from: /projects/e32998/STAT390_Krish/Code/Code9_no_leakage/no_train_val_leakage_splits/data_splits_new_02.npz
Data splits loaded from: /projects/e32998/STAT390_Krish/Code/Code9_no_leakage/no_train_val_leakage_splits/data_splits_new_02.npz
Loaded splits - Train: 233, Val: 71, Test: 67
Cases per split: 56 18 19
Paths per split: 50430 14130 15481
No leakage between train & val (cases).
No leakage between train & test (cases).
No leakage between val & test (cases).
No leakage between train & val (paths).
No leakage between train & test (paths).
No leakage between val & test (paths).

Data Summary:
==================================================

Label distribution per split:
label   0   1
split        
test    7  12
train  21  35
val     7  11

Mean patches per stain per split:
       h&e_patches  melan_patches  sox10_patches
split                                           
test         387.2          242.0          185.6
train        447.4          245.8          207.4
val          404.4          203.2          177.3

Median patches per stain per split:
       h&e_patches  melan_patches  sox10_patches
split                                           
test         328.0          192.0          128.0
train        327.5          184.5          159.5
val          306.0          174.0          148.0

Missing stain proportion:
       h&e_missing  melan_missing  sox10_missing
split                                           
test           0.0          0.053          0.053
train          0.0          0.018          0.018
val            0.0          0.000          0.000

Total cases: 93
Total patches: 80,041
==================================================

Patch count by class for Train:
  Benign (0):     15000 patches
  High-grade (1): 35430 patches

Patch count by class for Validation:
  Benign (0):     4571 patches
  High-grade (1): 9559 patches

Patch count by class for Test:
  Benign (0):     6209 patches
  High-grade (1): 9272 patches

Data Integrity Check for Train:
Stain coverage:
  h&e: 56/56 (100.0%)
  melan: 55/56 (98.2%)
  sox10: 55/56 (98.2%)
No issues found

Data Integrity Check for Validation:
Stain coverage:
  h&e: 18/18 (100.0%)
  melan: 18/18 (100.0%)
  sox10: 18/18 (100.0%)
No issues found

Data Integrity Check for Test:
Stain coverage:
  h&e: 19/19 (100.0%)
  melan: 18/19 (94.7%)
  sox10: 18/19 (94.7%)
No issues found
Using existing splits from: /projects/e32998/STAT390_Krish/Code/Code9_no_leakage/no_train_val_leakage_splits/data_splits_new_02.npz

============================================================
CREATING DATA LOADERS (POOLED FEATURES)
============================================================
Created data loaders - Train: 56, Val: 18, Test: 19

============================================================
CREATING MODEL
============================================================

Model Summary:
==================================================
Total parameters: 2,493,061
Trainable parameters: 2,493,061
Model size: 9.51 MB
==================================================

============================================================
TRAINING MODEL
============================================================
Starting training from epoch 1 to 30
Device: cpu
Model parameters: 2,493,061
LR scheduler: ReduceLROnPlateau
Patch entropy regularization enabled (lambda=4.78111935799506e-05, mode=max, normalize=True) -> maximize entropy (smoother attention)
Early stopping enabled (patience=8, min_delta=0.001, min_epochs=10)

Epoch 1/30 (LR: 6.09e-05)
Train Loss: 0.9104 | Train CE: 0.9105 | Train Patch Entropy: 0.9982 | Val Loss: 0.4996 | Val Acc: 0.7222
Epoch Time: 50.92s
New best validation loss: 0.4996
Checkpoint saved: /projects/e32998/MIL_training/final_runs/run_20260316_125804/checkpoints/20260316_125905_HierarchicalAttnMIL_epoch1.pth
Best checkpoint updated: /projects/e32998/MIL_training/final_runs/run_20260316_125804/checkpoints/best.pth

Epoch 2/30 (LR: 6.09e-05)
Train Loss: 0.4868 | Train CE: 0.4869 | Train Patch Entropy: 0.9956 | Val Loss: 0.3358 | Val Acc: 0.8889
Epoch Time: 61.25s
New best validation loss: 0.3358
Checkpoint saved: /projects/e32998/MIL_training/final_runs/run_20260316_125804/checkpoints/20260316_130006_HierarchicalAttnMIL_epoch2.pth
Best checkpoint updated: /projects/e32998/MIL_training/final_runs/run_20260316_125804/checkpoints/best.pth

Epoch 3/30 (LR: 6.09e-05)
Train Loss: 0.3006 | Train CE: 0.3007 | Train Patch Entropy: 0.9913 | Val Loss: 0.2448 | Val Acc: 0.8889
Epoch Time: 53.12s
New best validation loss: 0.2448
Checkpoint saved: /projects/e32998/MIL_training/final_runs/run_20260316_125804/checkpoints/20260316_130100_HierarchicalAttnMIL_epoch3.pth
Best checkpoint updated: /projects/e32998/MIL_training/final_runs/run_20260316_125804/checkpoints/best.pth

Epoch 4/30 (LR: 6.09e-05)
Train Loss: 0.1711 | Train CE: 0.1711 | Train Patch Entropy: 0.9803 | Val Loss: 0.3599 | Val Acc: 0.8333
Epoch Time: 57.59s
No improvement for 1 epoch(s)
Checkpoint saved: /projects/e32998/MIL_training/final_runs/run_20260316_125804/checkpoints/20260316_130157_HierarchicalAttnMIL_epoch4.pth

Epoch 5/30 (LR: 6.09e-05)
Train Loss: 0.1320 | Train CE: 0.1320 | Train Patch Entropy: 0.9674 | Val Loss: 0.2150 | Val Acc: 0.8333
Epoch Time: 57.67s
New best validation loss: 0.2150
Checkpoint saved: /projects/e32998/MIL_training/final_runs/run_20260316_125804/checkpoints/20260316_130255_HierarchicalAttnMIL_epoch5.pth
Best checkpoint updated: /projects/e32998/MIL_training/final_runs/run_20260316_125804/checkpoints/best.pth

Epoch 6/30 (LR: 6.09e-05)
Train Loss: 0.0790 | Train CE: 0.0791 | Train Patch Entropy: 0.9561 | Val Loss: 0.1874 | Val Acc: 0.8889
Epoch Time: 55.26s
New best validation loss: 0.1874
Checkpoint saved: /projects/e32998/MIL_training/final_runs/run_20260316_125804/checkpoints/20260316_130350_HierarchicalAttnMIL_epoch6.pth
Best checkpoint updated: /projects/e32998/MIL_training/final_runs/run_20260316_125804/checkpoints/best.pth

Epoch 7/30 (LR: 6.09e-05)
Train Loss: 0.0135 | Train CE: 0.0135 | Train Patch Entropy: 0.9464 | Val Loss: 0.1553 | Val Acc: 0.8889
Epoch Time: 58.98s
New best validation loss: 0.1553
Checkpoint saved: /projects/e32998/MIL_training/final_runs/run_20260316_125804/checkpoints/20260316_130449_HierarchicalAttnMIL_epoch7.pth
Best checkpoint updated: /projects/e32998/MIL_training/final_runs/run_20260316_125804/checkpoints/best.pth

Epoch 8/30 (LR: 6.09e-05)
Train Loss: 0.0133 | Train CE: 0.0133 | Train Patch Entropy: 0.9385 | Val Loss: 0.1378 | Val Acc: 0.8889
Epoch Time: 53.58s
New best validation loss: 0.1378
Checkpoint saved: /projects/e32998/MIL_training/final_runs/run_20260316_125804/checkpoints/20260316_130543_HierarchicalAttnMIL_epoch8.pth
Best checkpoint updated: /projects/e32998/MIL_training/final_runs/run_20260316_125804/checkpoints/best.pth

Epoch 9/30 (LR: 6.09e-05)
Train Loss: 0.0073 | Train CE: 0.0073 | Train Patch Entropy: 0.9314 | Val Loss: 0.1388 | Val Acc: 1.0000
Epoch Time: 58.11s
No improvement for 1 epoch(s)
Checkpoint saved: /projects/e32998/MIL_training/final_runs/run_20260316_125804/checkpoints/20260316_130641_HierarchicalAttnMIL_epoch9.pth

Epoch 10/30 (LR: 6.09e-05)
Train Loss: 0.0054 | Train CE: 0.0054 | Train Patch Entropy: 0.9261 | Val Loss: 0.1366 | Val Acc: 0.8889
Epoch Time: 50.61s
New best validation loss: 0.1366
Checkpoint saved: /projects/e32998/MIL_training/final_runs/run_20260316_125804/checkpoints/20260316_130732_HierarchicalAttnMIL_epoch10.pth
Best checkpoint updated: /projects/e32998/MIL_training/final_runs/run_20260316_125804/checkpoints/best.pth

Epoch 11/30 (LR: 6.09e-05)
Train Loss: 0.0030 | Train CE: 0.0030 | Train Patch Entropy: 0.9192 | Val Loss: 0.1300 | Val Acc: 0.8889
Epoch Time: 57.78s
New best validation loss: 0.1300
Checkpoint saved: /projects/e32998/MIL_training/final_runs/run_20260316_125804/checkpoints/20260316_130829_HierarchicalAttnMIL_epoch11.pth
Best checkpoint updated: /projects/e32998/MIL_training/final_runs/run_20260316_125804/checkpoints/best.pth

Epoch 12/30 (LR: 6.09e-05)
Train Loss: 0.0022 | Train CE: 0.0022 | Train Patch Entropy: 0.9137 | Val Loss: 0.1218 | Val Acc: 0.9444
Epoch Time: 57.51s
New best validation loss: 0.1218
Checkpoint saved: /projects/e32998/MIL_training/final_runs/run_20260316_125804/checkpoints/20260316_130927_HierarchicalAttnMIL_epoch12.pth
Best checkpoint updated: /projects/e32998/MIL_training/final_runs/run_20260316_125804/checkpoints/best.pth

Epoch 13/30 (LR: 6.09e-05)
Train Loss: 0.0016 | Train CE: 0.0016 | Train Patch Entropy: 0.9103 | Val Loss: 0.1208 | Val Acc: 1.0000
Epoch Time: 55.11s
New best validation loss: 0.1208
Checkpoint saved: /projects/e32998/MIL_training/final_runs/run_20260316_125804/checkpoints/20260316_131022_HierarchicalAttnMIL_epoch13.pth
Best checkpoint updated: /projects/e32998/MIL_training/final_runs/run_20260316_125804/checkpoints/best.pth

Epoch 14/30 (LR: 6.09e-05)
Train Loss: 0.0017 | Train CE: 0.0018 | Train Patch Entropy: 0.9080 | Val Loss: 0.1214 | Val Acc: 1.0000
Epoch Time: 57.17s
No improvement for 1 epoch(s)
Checkpoint saved: /projects/e32998/MIL_training/final_runs/run_20260316_125804/checkpoints/20260316_131119_HierarchicalAttnMIL_epoch14.pth

Epoch 15/30 (LR: 6.09e-05)
Train Loss: 0.0014 | Train CE: 0.0014 | Train Patch Entropy: 0.9035 | Val Loss: 0.1518 | Val Acc: 0.8889
Epoch Time: 56.57s
No improvement for 2 epoch(s)
Checkpoint saved: /projects/e32998/MIL_training/final_runs/run_20260316_125804/checkpoints/20260316_131216_HierarchicalAttnMIL_epoch15.pth

Epoch 16/30 (LR: 6.09e-05)
Train Loss: 0.0014 | Train CE: 0.0015 | Train Patch Entropy: 0.8986 | Val Loss: 0.1344 | Val Acc: 0.8889
Epoch Time: 55.47s
No improvement for 3 epoch(s)
Checkpoint saved: /projects/e32998/MIL_training/final_runs/run_20260316_125804/checkpoints/20260316_131312_HierarchicalAttnMIL_epoch16.pth

Epoch 17/30 (LR: 6.09e-05)
Train Loss: 0.0009 | Train CE: 0.0009 | Train Patch Entropy: 0.8978 | Val Loss: 0.1396 | Val Acc: 0.8889
Epoch Time: 57.60s
No improvement for 4 epoch(s)
Checkpoint saved: /projects/e32998/MIL_training/final_runs/run_20260316_125804/checkpoints/20260316_131409_HierarchicalAttnMIL_epoch17.pth

Epoch 18/30 (LR: 6.09e-05)
Train Loss: 0.0006 | Train CE: 0.0007 | Train Patch Entropy: 0.8921 | Val Loss: 0.1460 | Val Acc: 0.8889
Epoch Time: 57.86s
No improvement for 5 epoch(s)
Checkpoint saved: /projects/e32998/MIL_training/final_runs/run_20260316_125804/checkpoints/20260316_131507_HierarchicalAttnMIL_epoch18.pth

Epoch 19/30 (LR: 1.30e-05)
Train Loss: 0.0005 | Train CE: 0.0006 | Train Patch Entropy: 0.8915 | Val Loss: 0.1499 | Val Acc: 0.8889
Epoch Time: 54.55s
No improvement for 6 epoch(s)
Checkpoint saved: /projects/e32998/MIL_training/final_runs/run_20260316_125804/checkpoints/20260316_131602_HierarchicalAttnMIL_epoch19.pth

Epoch 20/30 (LR: 1.30e-05)
Train Loss: 0.0007 | Train CE: 0.0007 | Train Patch Entropy: 0.8908 | Val Loss: 0.1479 | Val Acc: 0.8889
Epoch Time: 56.23s
No improvement for 7 epoch(s)
Checkpoint saved: /projects/e32998/MIL_training/final_runs/run_20260316_125804/checkpoints/20260316_131658_HierarchicalAttnMIL_epoch20.pth

Epoch 21/30 (LR: 1.30e-05)
Train Loss: 0.0005 | Train CE: 0.0005 | Train Patch Entropy: 0.8899 | Val Loss: 0.1493 | Val Acc: 0.8889
Epoch Time: 57.83s
No improvement for 8 epoch(s)
Checkpoint saved: /projects/e32998/MIL_training/final_runs/run_20260316_125804/checkpoints/20260316_131756_HierarchicalAttnMIL_epoch21.pth

Early stopping triggered at epoch 21. Best val loss: 0.1208

Training completed!

============================================================
EVALUATING MODEL
============================================================

Test Results:
  Test Loss: 1.5865
  Test Acc:  0.7368
  Samples:   19
Predictions saved to: /projects/e32998/MIL_training/final_runs/run_20260316_125804/predictions.csv
Confusion matrix saved to: /projects/e32998/MIL_training/final_runs/run_20260316_125804/confusion_matrix.png

============================================================
ATTENTION ANALYSIS
============================================================
Attention summary saved to: /projects/e32998/MIL_training/final_runs/run_20260316_125804/attention_analysis/attention_summary.txt
Per-case effective patch attention distributions saved.
Per-case & per-stain slice attention rank plots saved to: /projects/e32998/MIL_training/final_runs/run_20260316_125804/attention_analysis/slice_attention
Per-case top 5.0% effective patches CSV saved to: /projects/e32998/MIL_training/final_runs/run_20260316_125804/attention_analysis/top_effective_patches_per_case_5.0pct.csv
Per-case top 5.0% summary saved to: /projects/e32998/MIL_training/final_runs/run_20260316_125804/attention_analysis/top_effective_patches_per_case_summary_5.0pct.txt
Attention analysis saved to: /projects/e32998/MIL_training/final_runs/run_20260316_125804/attention_analysis

Results saved to: /projects/e32998/MIL_training/final_runs/run_20260316_125804

Total execution time: 1382.89s (0.38 hours)
Training completed successfully!
