Job ID: 2806538
Start time: Sat Mar 14 09:21:16 CDT 2026
Requirement already satisfied: torch>=1.9.0 in /projects/e32998/env/lib/python3.12/site-packages (from -r /projects/e32998/STAT390_Krish/Code/Code9_no_leakage/requirements.txt (line 2)) (2.9.0)
Requirement already satisfied: torchvision>=0.10.0 in /projects/e32998/env/lib/python3.12/site-packages (from -r /projects/e32998/STAT390_Krish/Code/Code9_no_leakage/requirements.txt (line 3)) (0.24.0)
Requirement already satisfied: numpy>=1.21.0 in /projects/e32998/env/lib/python3.12/site-packages (from -r /projects/e32998/STAT390_Krish/Code/Code9_no_leakage/requirements.txt (line 4)) (2.3.4)
Requirement already satisfied: pandas>=1.3.0 in /projects/e32998/env/lib/python3.12/site-packages (from -r /projects/e32998/STAT390_Krish/Code/Code9_no_leakage/requirements.txt (line 5)) (2.3.3)
Requirement already satisfied: scikit-learn>=1.0.0 in /projects/e32998/env/lib/python3.12/site-packages (from -r /projects/e32998/STAT390_Krish/Code/Code9_no_leakage/requirements.txt (line 6)) (1.8.0)
Requirement already satisfied: Pillow>=8.3.0 in /projects/e32998/env/lib/python3.12/site-packages (from -r /projects/e32998/STAT390_Krish/Code/Code9_no_leakage/requirements.txt (line 7)) (12.0.0)
Requirement already satisfied: tqdm>=4.62.0 in /projects/e32998/env/lib/python3.12/site-packages (from -r /projects/e32998/STAT390_Krish/Code/Code9_no_leakage/requirements.txt (line 8)) (4.67.1)
Requirement already satisfied: matplotlib>=3.5.0 in /projects/e32998/env/lib/python3.12/site-packages (from -r /projects/e32998/STAT390_Krish/Code/Code9_no_leakage/requirements.txt (line 11)) (3.10.7)
Requirement already satisfied: seaborn>=0.11.0 in /projects/e32998/env/lib/python3.12/site-packages (from -r /projects/e32998/STAT390_Krish/Code/Code9_no_leakage/requirements.txt (line 12)) (0.13.2)
Requirement already satisfied: optuna>=3.0.0 in /projects/e32998/env/lib/python3.12/site-packages (from -r /projects/e32998/STAT390_Krish/Code/Code9_no_leakage/requirements.txt (line 15)) (4.7.0)
Requirement already satisfied: psutil>=5.8.0 in /projects/e32998/env/lib/python3.12/site-packages (from -r /projects/e32998/STAT390_Krish/Code/Code9_no_leakage/requirements.txt (line 18)) (7.1.2)
Requirement already satisfied: imbalanced-learn>=0.8.0 in /projects/e32998/env/lib/python3.12/site-packages (from -r /projects/e32998/STAT390_Krish/Code/Code9_no_leakage/requirements.txt (line 21)) (0.14.0)
Requirement already satisfied: filelock in /projects/e32998/env/lib/python3.12/site-packages (from torch>=1.9.0->-r /projects/e32998/STAT390_Krish/Code/Code9_no_leakage/requirements.txt (line 2)) (3.20.0)
Requirement already satisfied: typing-extensions>=4.10.0 in /projects/e32998/env/lib/python3.12/site-packages (from torch>=1.9.0->-r /projects/e32998/STAT390_Krish/Code/Code9_no_leakage/requirements.txt (line 2)) (4.15.0)
Requirement already satisfied: setuptools in /projects/e32998/env/lib/python3.12/site-packages (from torch>=1.9.0->-r /projects/e32998/STAT390_Krish/Code/Code9_no_leakage/requirements.txt (line 2)) (80.9.0)
Requirement already satisfied: sympy>=1.13.3 in /projects/e32998/env/lib/python3.12/site-packages (from torch>=1.9.0->-r /projects/e32998/STAT390_Krish/Code/Code9_no_leakage/requirements.txt (line 2)) (1.14.0)
Requirement already satisfied: networkx>=2.5.1 in /projects/e32998/env/lib/python3.12/site-packages (from torch>=1.9.0->-r /projects/e32998/STAT390_Krish/Code/Code9_no_leakage/requirements.txt (line 2)) (3.5)
Requirement already satisfied: jinja2 in /projects/e32998/env/lib/python3.12/site-packages (from torch>=1.9.0->-r /projects/e32998/STAT390_Krish/Code/Code9_no_leakage/requirements.txt (line 2)) (3.1.6)
Requirement already satisfied: fsspec>=0.8.5 in /projects/e32998/env/lib/python3.12/site-packages (from torch>=1.9.0->-r /projects/e32998/STAT390_Krish/Code/Code9_no_leakage/requirements.txt (line 2)) (2025.9.0)
Requirement already satisfied: nvidia-cuda-nvrtc-cu12==12.8.93 in /projects/e32998/env/lib/python3.12/site-packages (from torch>=1.9.0->-r /projects/e32998/STAT390_Krish/Code/Code9_no_leakage/requirements.txt (line 2)) (12.8.93)
Requirement already satisfied: nvidia-cuda-runtime-cu12==12.8.90 in /projects/e32998/env/lib/python3.12/site-packages (from torch>=1.9.0->-r /projects/e32998/STAT390_Krish/Code/Code9_no_leakage/requirements.txt (line 2)) (12.8.90)
Requirement already satisfied: nvidia-cuda-cupti-cu12==12.8.90 in /projects/e32998/env/lib/python3.12/site-packages (from torch>=1.9.0->-r /projects/e32998/STAT390_Krish/Code/Code9_no_leakage/requirements.txt (line 2)) (12.8.90)
Requirement already satisfied: nvidia-cudnn-cu12==9.10.2.21 in /projects/e32998/env/lib/python3.12/site-packages (from torch>=1.9.0->-r /projects/e32998/STAT390_Krish/Code/Code9_no_leakage/requirements.txt (line 2)) (9.10.2.21)
Requirement already satisfied: nvidia-cublas-cu12==12.8.4.1 in /projects/e32998/env/lib/python3.12/site-packages (from torch>=1.9.0->-r /projects/e32998/STAT390_Krish/Code/Code9_no_leakage/requirements.txt (line 2)) (12.8.4.1)
Requirement already satisfied: nvidia-cufft-cu12==11.3.3.83 in /projects/e32998/env/lib/python3.12/site-packages (from torch>=1.9.0->-r /projects/e32998/STAT390_Krish/Code/Code9_no_leakage/requirements.txt (line 2)) (11.3.3.83)
Requirement already satisfied: nvidia-curand-cu12==10.3.9.90 in /projects/e32998/env/lib/python3.12/site-packages (from torch>=1.9.0->-r /projects/e32998/STAT390_Krish/Code/Code9_no_leakage/requirements.txt (line 2)) (10.3.9.90)
Requirement already satisfied: nvidia-cusolver-cu12==11.7.3.90 in /projects/e32998/env/lib/python3.12/site-packages (from torch>=1.9.0->-r /projects/e32998/STAT390_Krish/Code/Code9_no_leakage/requirements.txt (line 2)) (11.7.3.90)
Requirement already satisfied: nvidia-cusparse-cu12==12.5.8.93 in /projects/e32998/env/lib/python3.12/site-packages (from torch>=1.9.0->-r /projects/e32998/STAT390_Krish/Code/Code9_no_leakage/requirements.txt (line 2)) (12.5.8.93)
Requirement already satisfied: nvidia-cusparselt-cu12==0.7.1 in /projects/e32998/env/lib/python3.12/site-packages (from torch>=1.9.0->-r /projects/e32998/STAT390_Krish/Code/Code9_no_leakage/requirements.txt (line 2)) (0.7.1)
Requirement already satisfied: nvidia-nccl-cu12==2.27.5 in /projects/e32998/env/lib/python3.12/site-packages (from torch>=1.9.0->-r /projects/e32998/STAT390_Krish/Code/Code9_no_leakage/requirements.txt (line 2)) (2.27.5)
Requirement already satisfied: nvidia-nvshmem-cu12==3.3.20 in /projects/e32998/env/lib/python3.12/site-packages (from torch>=1.9.0->-r /projects/e32998/STAT390_Krish/Code/Code9_no_leakage/requirements.txt (line 2)) (3.3.20)
Requirement already satisfied: nvidia-nvtx-cu12==12.8.90 in /projects/e32998/env/lib/python3.12/site-packages (from torch>=1.9.0->-r /projects/e32998/STAT390_Krish/Code/Code9_no_leakage/requirements.txt (line 2)) (12.8.90)
Requirement already satisfied: nvidia-nvjitlink-cu12==12.8.93 in /projects/e32998/env/lib/python3.12/site-packages (from torch>=1.9.0->-r /projects/e32998/STAT390_Krish/Code/Code9_no_leakage/requirements.txt (line 2)) (12.8.93)
Requirement already satisfied: nvidia-cufile-cu12==1.13.1.3 in /projects/e32998/env/lib/python3.12/site-packages (from torch>=1.9.0->-r /projects/e32998/STAT390_Krish/Code/Code9_no_leakage/requirements.txt (line 2)) (1.13.1.3)
Requirement already satisfied: triton==3.5.0 in /projects/e32998/env/lib/python3.12/site-packages (from torch>=1.9.0->-r /projects/e32998/STAT390_Krish/Code/Code9_no_leakage/requirements.txt (line 2)) (3.5.0)
Requirement already satisfied: python-dateutil>=2.8.2 in /projects/e32998/env/lib/python3.12/site-packages (from pandas>=1.3.0->-r /projects/e32998/STAT390_Krish/Code/Code9_no_leakage/requirements.txt (line 5)) (2.9.0.post0)
Requirement already satisfied: pytz>=2020.1 in /projects/e32998/env/lib/python3.12/site-packages (from pandas>=1.3.0->-r /projects/e32998/STAT390_Krish/Code/Code9_no_leakage/requirements.txt (line 5)) (2025.2)
Requirement already satisfied: tzdata>=2022.7 in /projects/e32998/env/lib/python3.12/site-packages (from pandas>=1.3.0->-r /projects/e32998/STAT390_Krish/Code/Code9_no_leakage/requirements.txt (line 5)) (2025.2)
Requirement already satisfied: scipy>=1.10.0 in /projects/e32998/env/lib/python3.12/site-packages (from scikit-learn>=1.0.0->-r /projects/e32998/STAT390_Krish/Code/Code9_no_leakage/requirements.txt (line 6)) (1.16.3)
Requirement already satisfied: joblib>=1.3.0 in /projects/e32998/env/lib/python3.12/site-packages (from scikit-learn>=1.0.0->-r /projects/e32998/STAT390_Krish/Code/Code9_no_leakage/requirements.txt (line 6)) (1.5.2)
Requirement already satisfied: threadpoolctl>=3.2.0 in /projects/e32998/env/lib/python3.12/site-packages (from scikit-learn>=1.0.0->-r /projects/e32998/STAT390_Krish/Code/Code9_no_leakage/requirements.txt (line 6)) (3.6.0)
Requirement already satisfied: contourpy>=1.0.1 in /projects/e32998/env/lib/python3.12/site-packages (from matplotlib>=3.5.0->-r /projects/e32998/STAT390_Krish/Code/Code9_no_leakage/requirements.txt (line 11)) (1.3.3)
Requirement already satisfied: cycler>=0.10 in /projects/e32998/env/lib/python3.12/site-packages (from matplotlib>=3.5.0->-r /projects/e32998/STAT390_Krish/Code/Code9_no_leakage/requirements.txt (line 11)) (0.12.1)
Requirement already satisfied: fonttools>=4.22.0 in /projects/e32998/env/lib/python3.12/site-packages (from matplotlib>=3.5.0->-r /projects/e32998/STAT390_Krish/Code/Code9_no_leakage/requirements.txt (line 11)) (4.60.1)
Requirement already satisfied: kiwisolver>=1.3.1 in /projects/e32998/env/lib/python3.12/site-packages (from matplotlib>=3.5.0->-r /projects/e32998/STAT390_Krish/Code/Code9_no_leakage/requirements.txt (line 11)) (1.4.9)
Requirement already satisfied: packaging>=20.0 in /projects/e32998/env/lib/python3.12/site-packages (from matplotlib>=3.5.0->-r /projects/e32998/STAT390_Krish/Code/Code9_no_leakage/requirements.txt (line 11)) (25.0)
Requirement already satisfied: pyparsing>=3 in /projects/e32998/env/lib/python3.12/site-packages (from matplotlib>=3.5.0->-r /projects/e32998/STAT390_Krish/Code/Code9_no_leakage/requirements.txt (line 11)) (3.2.5)
Requirement already satisfied: alembic>=1.5.0 in /projects/e32998/env/lib/python3.12/site-packages (from optuna>=3.0.0->-r /projects/e32998/STAT390_Krish/Code/Code9_no_leakage/requirements.txt (line 15)) (1.18.3)
Requirement already satisfied: colorlog in /projects/e32998/env/lib/python3.12/site-packages (from optuna>=3.0.0->-r /projects/e32998/STAT390_Krish/Code/Code9_no_leakage/requirements.txt (line 15)) (6.10.1)
Requirement already satisfied: sqlalchemy>=1.4.2 in /projects/e32998/env/lib/python3.12/site-packages (from optuna>=3.0.0->-r /projects/e32998/STAT390_Krish/Code/Code9_no_leakage/requirements.txt (line 15)) (2.0.46)
Requirement already satisfied: PyYAML in /projects/e32998/env/lib/python3.12/site-packages (from optuna>=3.0.0->-r /projects/e32998/STAT390_Krish/Code/Code9_no_leakage/requirements.txt (line 15)) (6.0.3)
Requirement already satisfied: Mako in /projects/e32998/env/lib/python3.12/site-packages (from alembic>=1.5.0->optuna>=3.0.0->-r /projects/e32998/STAT390_Krish/Code/Code9_no_leakage/requirements.txt (line 15)) (1.3.10)
Requirement already satisfied: six>=1.5 in /projects/e32998/env/lib/python3.12/site-packages (from python-dateutil>=2.8.2->pandas>=1.3.0->-r /projects/e32998/STAT390_Krish/Code/Code9_no_leakage/requirements.txt (line 5)) (1.17.0)
Requirement already satisfied: greenlet>=1 in /projects/e32998/env/lib/python3.12/site-packages (from sqlalchemy>=1.4.2->optuna>=3.0.0->-r /projects/e32998/STAT390_Krish/Code/Code9_no_leakage/requirements.txt (line 15)) (3.3.1)
Requirement already satisfied: mpmath<1.4,>=1.1.0 in /projects/e32998/env/lib/python3.12/site-packages (from sympy>=1.13.3->torch>=1.9.0->-r /projects/e32998/STAT390_Krish/Code/Code9_no_leakage/requirements.txt (line 2)) (1.3.0)
Requirement already satisfied: MarkupSafe>=2.0 in /projects/e32998/env/lib/python3.12/site-packages (from jinja2->torch>=1.9.0->-r /projects/e32998/STAT390_Krish/Code/Code9_no_leakage/requirements.txt (line 2)) (3.0.3)
Requirement already satisfied: certifi in /projects/e32998/env/lib/python3.12/site-packages (2026.2.25)
Random seed set to 42
Using CPU
Created run directory: /projects/e32998/MIL_training/final_runs/run_20260314_092147
================================================================================
HIERARCHICAL ATTENTION MIL TRAINING
================================================================================
Arguments: {'labels_csv': '/projects/e32998/STAT390_Krish/Code/Code4_reduce_runtime/extra_benign_case_grade_match.csv', 'patches_dir': '/projects/e32998/patches_benign_split', 'epochs': 30, 'lr': 5.22465277102519e-05, 'batch_size': 1, 'num_workers': 2, 'embed_dim': 512, 'per_slice_cap': 500, 'max_slices_per_stain': 5, 'seed': 42, 'resume': None, 'eval_only': False, 'analyze_attention': True, 'attention_top_n': 8, 'load_splits': '/projects/e32998/STAT390_Krish/Code/Code9_no_leakage/no_train_val_leakage_splits/data_splits_new_02.npz', 'checkpoint_dir': '/projects/e32998/MIL_training/final_runs/run_20260314_092147/checkpoints'}
Training config (may be overridden by arguments): {'epochs': 30, 'batch_size': 1, 'learning_rate': 5.22465277102519e-05, 'weight_decay': 0.000469622726832617, 'num_workers': 2, 'pin_memory': True, 'random_state': 42, 'class_weights': [2.13658618927002, 1.0], 'classifier_dropout': 0.198203802108765, 'patch_proj_dropout': 0.511009573936462, 'use_scheduler': True, 'scheduler_type': 'reduce_on_plateau', 'scheduler_patience': 4, 'scheduler_factor': 0.2139, 'scheduler_min_lr': 1e-06, 'early_stopping': True, 'early_stopping_patience': 8, 'early_stopping_min_delta': 0.001, 'early_stopping_min_epochs': 10, 'use_patch_entropy_regularization': True, 'patch_entropy_lambda': 0.000997635683829176, 'patch_entropy_mode': 'max', 'patch_entropy_eps': 1e-08, 'normalize_patch_entropy': True}
============================================================
PREPARING DATA
============================================================
Loaded 118 labels
Found 83630 patch files
All 3808 non-standard file names were handled.
Grouped into 383 slices
Mapped 371 slices to classes
Class distribution: {1: 238, 0: 133}

----------------------------------------
SPLITTING DATA
----------------------------------------
Loading existing splits from: /projects/e32998/STAT390_Krish/Code/Code9_no_leakage/no_train_val_leakage_splits/data_splits_new_02.npz
Data splits loaded from: /projects/e32998/STAT390_Krish/Code/Code9_no_leakage/no_train_val_leakage_splits/data_splits_new_02.npz
Loaded splits - Train: 233, Val: 71, Test: 67
Cases per split: 56 18 19
Paths per split: 50430 14130 15481
No leakage between train & val (cases).
No leakage between train & test (cases).
No leakage between val & test (cases).
No leakage between train & val (paths).
No leakage between train & test (paths).
No leakage between val & test (paths).

Data Summary:
==================================================

Label distribution per split:
label   0   1
split        
test    7  12
train  21  35
val     7  11

Mean patches per stain per split:
       h&e_patches  melan_patches  sox10_patches
split                                           
test         387.2          242.0          185.6
train        447.4          245.8          207.4
val          404.4          203.2          177.3

Median patches per stain per split:
       h&e_patches  melan_patches  sox10_patches
split                                           
test         328.0          192.0          128.0
train        327.5          184.5          159.5
val          306.0          174.0          148.0

Missing stain proportion:
       h&e_missing  melan_missing  sox10_missing
split                                           
test           0.0          0.053          0.053
train          0.0          0.018          0.018
val            0.0          0.000          0.000

Total cases: 93
Total patches: 80,041
==================================================

Patch count by class for Train:
  Benign (0):     15000 patches
  High-grade (1): 35430 patches

Patch count by class for Validation:
  Benign (0):     4571 patches
  High-grade (1): 9559 patches

Patch count by class for Test:
  Benign (0):     6209 patches
  High-grade (1): 9272 patches

Data Integrity Check for Train:
Stain coverage:
  h&e: 56/56 (100.0%)
  melan: 55/56 (98.2%)
  sox10: 55/56 (98.2%)
No issues found

Data Integrity Check for Validation:
Stain coverage:
  h&e: 18/18 (100.0%)
  melan: 18/18 (100.0%)
  sox10: 18/18 (100.0%)
No issues found

Data Integrity Check for Test:
Stain coverage:
  h&e: 19/19 (100.0%)
  melan: 18/19 (94.7%)
  sox10: 18/19 (94.7%)
No issues found
Using existing splits from: /projects/e32998/STAT390_Krish/Code/Code9_no_leakage/no_train_val_leakage_splits/data_splits_new_02.npz

============================================================
CREATING DATA LOADERS (POOLED FEATURES)
============================================================
Created data loaders - Train: 56, Val: 18, Test: 19

============================================================
CREATING MODEL
============================================================

Model Summary:
==================================================
Total parameters: 2,493,061
Trainable parameters: 2,493,061
Model size: 9.51 MB
==================================================

============================================================
TRAINING MODEL
============================================================
Starting training from epoch 1 to 30
Device: cpu
Model parameters: 2,493,061
LR scheduler: ReduceLROnPlateau
Patch entropy regularization enabled (lambda=0.000997635683829176, mode=max, normalize=True) -> maximize entropy (smoother attention)
Early stopping enabled (patience=8, min_delta=0.001, min_epochs=10)

Epoch 1/30 (LR: 5.22e-05)
Train Loss: 0.8734 | Train CE: 0.8744 | Train Patch Entropy: 0.9985 | Val Loss: 0.5062 | Val Acc: 0.7222
Epoch Time: 52.92s
New best validation loss: 0.5062
Checkpoint saved: /projects/e32998/MIL_training/final_runs/run_20260314_092147/checkpoints/20260314_092247_HierarchicalAttnMIL_epoch1.pth
Best checkpoint updated: /projects/e32998/MIL_training/final_runs/run_20260314_092147/checkpoints/best.pth

Epoch 2/30 (LR: 5.22e-05)
Train Loss: 0.4948 | Train CE: 0.4958 | Train Patch Entropy: 0.9966 | Val Loss: 0.3558 | Val Acc: 0.8889
Epoch Time: 54.74s
New best validation loss: 0.3558
Checkpoint saved: /projects/e32998/MIL_training/final_runs/run_20260314_092147/checkpoints/20260314_092342_HierarchicalAttnMIL_epoch2.pth
Best checkpoint updated: /projects/e32998/MIL_training/final_runs/run_20260314_092147/checkpoints/best.pth

Epoch 3/30 (LR: 5.22e-05)
Train Loss: 0.3197 | Train CE: 0.3207 | Train Patch Entropy: 0.9935 | Val Loss: 0.2787 | Val Acc: 0.8889
Epoch Time: 54.38s
New best validation loss: 0.2787
Checkpoint saved: /projects/e32998/MIL_training/final_runs/run_20260314_092147/checkpoints/20260314_092436_HierarchicalAttnMIL_epoch3.pth
Best checkpoint updated: /projects/e32998/MIL_training/final_runs/run_20260314_092147/checkpoints/best.pth

Epoch 4/30 (LR: 5.22e-05)
Train Loss: 0.1951 | Train CE: 0.1961 | Train Patch Entropy: 0.9850 | Val Loss: 0.3512 | Val Acc: 0.8333
Epoch Time: 53.47s
No improvement for 1 epoch(s)
Checkpoint saved: /projects/e32998/MIL_training/final_runs/run_20260314_092147/checkpoints/20260314_092530_HierarchicalAttnMIL_epoch4.pth

Epoch 5/30 (LR: 5.22e-05)
Train Loss: 0.1483 | Train CE: 0.1493 | Train Patch Entropy: 0.9722 | Val Loss: 0.2034 | Val Acc: 0.8889
Epoch Time: 54.39s
New best validation loss: 0.2034
Checkpoint saved: /projects/e32998/MIL_training/final_runs/run_20260314_092147/checkpoints/20260314_092624_HierarchicalAttnMIL_epoch5.pth
Best checkpoint updated: /projects/e32998/MIL_training/final_runs/run_20260314_092147/checkpoints/best.pth

Epoch 6/30 (LR: 5.22e-05)
Train Loss: 0.0840 | Train CE: 0.0850 | Train Patch Entropy: 0.9615 | Val Loss: 0.1636 | Val Acc: 1.0000
Epoch Time: 43.85s
New best validation loss: 0.1636
Checkpoint saved: /projects/e32998/MIL_training/final_runs/run_20260314_092147/checkpoints/20260314_092708_HierarchicalAttnMIL_epoch6.pth
Best checkpoint updated: /projects/e32998/MIL_training/final_runs/run_20260314_092147/checkpoints/best.pth

Epoch 7/30 (LR: 5.22e-05)
Train Loss: 0.0168 | Train CE: 0.0177 | Train Patch Entropy: 0.9505 | Val Loss: 0.1404 | Val Acc: 0.8889
Epoch Time: 49.09s
New best validation loss: 0.1404
Checkpoint saved: /projects/e32998/MIL_training/final_runs/run_20260314_092147/checkpoints/20260314_092757_HierarchicalAttnMIL_epoch7.pth
Best checkpoint updated: /projects/e32998/MIL_training/final_runs/run_20260314_092147/checkpoints/best.pth

Epoch 8/30 (LR: 5.22e-05)
Train Loss: 0.0156 | Train CE: 0.0166 | Train Patch Entropy: 0.9422 | Val Loss: 0.1297 | Val Acc: 0.9444
Epoch Time: 46.72s
New best validation loss: 0.1297
Checkpoint saved: /projects/e32998/MIL_training/final_runs/run_20260314_092147/checkpoints/20260314_092844_HierarchicalAttnMIL_epoch8.pth
Best checkpoint updated: /projects/e32998/MIL_training/final_runs/run_20260314_092147/checkpoints/best.pth

Epoch 9/30 (LR: 5.22e-05)
Train Loss: 0.0085 | Train CE: 0.0095 | Train Patch Entropy: 0.9343 | Val Loss: 0.1324 | Val Acc: 1.0000
Epoch Time: 51.34s
No improvement for 1 epoch(s)
Checkpoint saved: /projects/e32998/MIL_training/final_runs/run_20260314_092147/checkpoints/20260314_092935_HierarchicalAttnMIL_epoch9.pth

Epoch 10/30 (LR: 5.22e-05)
Train Loss: 0.0063 | Train CE: 0.0073 | Train Patch Entropy: 0.9278 | Val Loss: 0.1202 | Val Acc: 0.9444
Epoch Time: 50.51s
New best validation loss: 0.1202
Checkpoint saved: /projects/e32998/MIL_training/final_runs/run_20260314_092147/checkpoints/20260314_093026_HierarchicalAttnMIL_epoch10.pth
Best checkpoint updated: /projects/e32998/MIL_training/final_runs/run_20260314_092147/checkpoints/best.pth

Epoch 11/30 (LR: 5.22e-05)
Train Loss: 0.0027 | Train CE: 0.0037 | Train Patch Entropy: 0.9207 | Val Loss: 0.1111 | Val Acc: 0.9444
Epoch Time: 48.29s
New best validation loss: 0.1111
Checkpoint saved: /projects/e32998/MIL_training/final_runs/run_20260314_092147/checkpoints/20260314_093114_HierarchicalAttnMIL_epoch11.pth
Best checkpoint updated: /projects/e32998/MIL_training/final_runs/run_20260314_092147/checkpoints/best.pth

Epoch 12/30 (LR: 5.22e-05)
Train Loss: 0.0018 | Train CE: 0.0028 | Train Patch Entropy: 0.9154 | Val Loss: 0.1023 | Val Acc: 1.0000
Epoch Time: 46.84s
New best validation loss: 0.1023
Checkpoint saved: /projects/e32998/MIL_training/final_runs/run_20260314_092147/checkpoints/20260314_093201_HierarchicalAttnMIL_epoch12.pth
Best checkpoint updated: /projects/e32998/MIL_training/final_runs/run_20260314_092147/checkpoints/best.pth

Epoch 13/30 (LR: 5.22e-05)
Train Loss: 0.0009 | Train CE: 0.0018 | Train Patch Entropy: 0.9118 | Val Loss: 0.1009 | Val Acc: 1.0000
Epoch Time: 50.77s
New best validation loss: 0.1009
Checkpoint saved: /projects/e32998/MIL_training/final_runs/run_20260314_092147/checkpoints/20260314_093252_HierarchicalAttnMIL_epoch13.pth
Best checkpoint updated: /projects/e32998/MIL_training/final_runs/run_20260314_092147/checkpoints/best.pth

Epoch 14/30 (LR: 5.22e-05)
Train Loss: 0.0011 | Train CE: 0.0020 | Train Patch Entropy: 0.9095 | Val Loss: 0.1047 | Val Acc: 0.9444
Epoch Time: 47.92s
No improvement for 1 epoch(s)
Checkpoint saved: /projects/e32998/MIL_training/final_runs/run_20260314_092147/checkpoints/20260314_093340_HierarchicalAttnMIL_epoch14.pth

Epoch 15/30 (LR: 5.22e-05)
Train Loss: 0.0007 | Train CE: 0.0016 | Train Patch Entropy: 0.9052 | Val Loss: 0.1408 | Val Acc: 0.9444
Epoch Time: 50.17s
No improvement for 2 epoch(s)
Checkpoint saved: /projects/e32998/MIL_training/final_runs/run_20260314_092147/checkpoints/20260314_093430_HierarchicalAttnMIL_epoch15.pth

Epoch 16/30 (LR: 5.22e-05)
Train Loss: 0.0009 | Train CE: 0.0018 | Train Patch Entropy: 0.9004 | Val Loss: 0.1179 | Val Acc: 0.9444
Epoch Time: 50.68s
No improvement for 3 epoch(s)
Checkpoint saved: /projects/e32998/MIL_training/final_runs/run_20260314_092147/checkpoints/20260314_093521_HierarchicalAttnMIL_epoch16.pth

Epoch 17/30 (LR: 5.22e-05)
Train Loss: 0.0001 | Train CE: 0.0010 | Train Patch Entropy: 0.8998 | Val Loss: 0.1183 | Val Acc: 0.9444
Epoch Time: 49.37s
No improvement for 4 epoch(s)
Checkpoint saved: /projects/e32998/MIL_training/final_runs/run_20260314_092147/checkpoints/20260314_093610_HierarchicalAttnMIL_epoch17.pth

Epoch 18/30 (LR: 5.22e-05)
Train Loss: -0.0002 | Train CE: 0.0007 | Train Patch Entropy: 0.8938 | Val Loss: 0.1264 | Val Acc: 0.9444
Epoch Time: 48.41s
No improvement for 5 epoch(s)
Checkpoint saved: /projects/e32998/MIL_training/final_runs/run_20260314_092147/checkpoints/20260314_093659_HierarchicalAttnMIL_epoch18.pth

Epoch 19/30 (LR: 1.12e-05)
Train Loss: -0.0002 | Train CE: 0.0007 | Train Patch Entropy: 0.8935 | Val Loss: 0.1297 | Val Acc: 0.9444
Epoch Time: 49.71s
No improvement for 6 epoch(s)
Checkpoint saved: /projects/e32998/MIL_training/final_runs/run_20260314_092147/checkpoints/20260314_093748_HierarchicalAttnMIL_epoch19.pth

Epoch 20/30 (LR: 1.12e-05)
Train Loss: -0.0001 | Train CE: 0.0008 | Train Patch Entropy: 0.8929 | Val Loss: 0.1289 | Val Acc: 0.9444
Epoch Time: 51.44s
No improvement for 7 epoch(s)
Checkpoint saved: /projects/e32998/MIL_training/final_runs/run_20260314_092147/checkpoints/20260314_093840_HierarchicalAttnMIL_epoch20.pth

Epoch 21/30 (LR: 1.12e-05)
Train Loss: -0.0003 | Train CE: 0.0006 | Train Patch Entropy: 0.8923 | Val Loss: 0.1311 | Val Acc: 0.9444
Epoch Time: 49.04s
No improvement for 8 epoch(s)
Checkpoint saved: /projects/e32998/MIL_training/final_runs/run_20260314_092147/checkpoints/20260314_093929_HierarchicalAttnMIL_epoch21.pth

Early stopping triggered at epoch 21. Best val loss: 0.1009

Training completed!

============================================================
EVALUATING MODEL
============================================================

Test Results:
  Test Loss: 1.5470
  Test Acc:  0.7895
  Samples:   19
Predictions saved to: /projects/e32998/MIL_training/final_runs/run_20260314_092147/predictions.csv
Confusion matrix saved to: /projects/e32998/MIL_training/final_runs/run_20260314_092147/confusion_matrix.png

============================================================
ATTENTION ANALYSIS
============================================================
Attention summary saved to: /projects/e32998/MIL_training/final_runs/run_20260314_092147/attention_analysis/attention_summary.txt
Per-case effective patch attention distributions saved.
Per-case & per-stain slice attention rank plots saved to: /projects/e32998/MIL_training/final_runs/run_20260314_092147/attention_analysis/slice_attention
Per-case top 5.0% effective patches CSV saved to: /projects/e32998/MIL_training/final_runs/run_20260314_092147/attention_analysis/top_effective_patches_per_case_5.0pct.csv
Per-case top 5.0% summary saved to: /projects/e32998/MIL_training/final_runs/run_20260314_092147/attention_analysis/top_effective_patches_per_case_summary_5.0pct.txt
Attention analysis saved to: /projects/e32998/MIL_training/final_runs/run_20260314_092147/attention_analysis

Results saved to: /projects/e32998/MIL_training/final_runs/run_20260314_092147

Total execution time: 1249.61s (0.35 hours)
Training completed successfully!
